Microchip MPLAB XC8 Compiler V2.10 ()

Linker command line:

-W-3 --edf=/opt/microchip/xc8/v2.10/pic/dat/en_msgs.txt -cs \
  -h+dist/debug/debug/amsat-dl-sdc.debug.sym \
  --cmf=dist/debug/debug/amsat-dl-sdc.debug.cmf -z -Q18F2520 \
  -o/tmp/xcXAGySB2 --defsym=__MPLAB_BUILD=1 \
  -Mdist/debug/debug/amsat-dl-sdc.debug.map -E1 -ver=XC8 --acfsm=1493 \
  -ASTACK=03D5h-05F3h -pstack=STACK -ACODE=00h-07DBFh -ACONST=00h-07DBFh \
  -ASMALLCONST=0600h-06FFhx119,07D00h-07DBFh -AMEDIUMCONST=0600h-07DBFh \
  -ACOMRAM=01h-07Fh -AABS1=00h-05F3h -ABIGRAM=01h-05F3h \
  -ARAM=080h-0FFh,0100h-01FFhx4,0500h-05F3h -ABANK0=080h-0FFh \
  -ABANK1=0100h-01FFh -ABANK2=0200h-02FFh -ABANK3=0300h-03FFh \
  -ABANK4=0400h-04FFh -ABANK5=0500h-05F3h \
  -ASFR=0F80h-0F9Bh,0F9Dh-0FD3h,0FD5h-0FDAh,0FE0h-0FE2h,0FE8h-0FEAh,0FF0h-0FFCh \
  -preset_vec=00h,intcode=08h,intcodelo,powerup,init -pramtop=0600h \
  -psmallconst=SMALLCONST -pmediumconst=MEDIUMCONST -pconst=CONST \
  -AFARRAM=00h-00h -ACONFIG=0300000h-030000Dh -pconfig=CONFIG \
  -AIDLOC=0200000h-0200007h -pidloc=IDLOC -AEEDATA=0F00000h-0F000FFh \
  -peeprom_data=EEDATA \
  -prdata=COMRAM,nvrram=COMRAM,nvbit=COMRAM,rbss=COMRAM,rbit=COMRAM \
  -pfarbss=FARRAM,fardata=FARRAM,nvFARRAM=FARRAM \
  -pintsave_regs=BIGRAM,bigbss=BIGRAM,bigdata=BIGRAM -pbss=RAM \
  -pidata=CODE,irdata=CODE,ibigdata=CODE,ifardata=CODE -prparam=COMRAM \
  /tmp/xcXGKgJaR.o dist/debug/debug/amsat-dl-sdc.debug.o 

Object code version is 3.11

Machine type is 18F2520

Call graph: (short form)




                Name                               Link     Load   Length Selector   Space Scale
/tmp/xcXGKgJaR.o
                init                                  E        E        4        4       0
                reset_vec                             0        0        4        0       0
                idloc                            200000   200000        8   200000       0
                config                           300000   300000        E   300000       0
dist/debug/debug/amsat-dl-sdc.debug.o
                intcode                               8        8        6        4       0
                temp                                 73       73        1        1       1
                mediumconst                        7426     7426      99A     3A13       0
                text98                             58C0     58C0       84        4       0
                intcode_body                       5A42     5A42       7E        4       0
                text96                             54B8     54B8       A6        4       0
                text95                             38AC     38AC      176        4       0
                text94                             4D26     4D26       D8        4       0
                text93                             2EB0     2EB0      1CE        4       0
                text92                             4F98     4F98       C8        4       0
                text91                             43FC     43FC      10C        4       0
                text90                             14FC     14FC      37A        4       0
                text89                             307E     307E      1C6        4       0
                text88                             210C     210C      2B8        4       0
                text87                             5944     5944       80        4       0
                text86                             6140     6140       4A     2FAE       0
                text85                             52A4     52A4       BA        4       0
                text84                             5EAC     5EAC       58        4       0
                text83                             6576     6576       26     2FAE       0
                text82                             64B4     64B4       38     2FAE       0
                text81                             6006     6006       52     2FAE       0
                text80                             2AD8     2AD8      1F8        4       0
                text79                             3724     3724      188        4       0
                text78                             3B8A     3B8A      164        4       0
                text77                             629C     629C       40     2FAE       0
                text76                             6600     6600       16     2FAE       0
                text75                             6620     6620        2     2FAE       0
                text74                             6216     6216       44     2FAE       0
                text73                             60A8     60A8       4E     2FAE       0
                text72                             5124     5124       C2        4       0
                text71                             1B5A     1B5A      2DE        4       0
                text70                             4A94     4A94       DE        4       0
                text69                             460E     460E       F0        4       0
                text68                             4DFE     4DFE       D0        4       0
                text67                             28D8     28D8      200        4       0
                text66                             6396     6396       3C     2FAE       0
                text65                             647C     647C       38     2FAE       0
                text64                             6444     6444       38     2FAE       0
                text63                             5D3E     5D3E       5E        4       0
                text62                             1E38     1E38      2D4        4       0
                text61                               12       12      816        4       0
                text60                             5CDC     5CDC       62        4       0
                text59                             654E     654E       28     2FAE       0
                text58                             46FE     46FE       EC        4       0
                text57                             5B38     5B38       74        4       0
                text56                             49B4     49B4       E0        4       0
                text55                             48D0     48D0       E4        4       0
                text54                             555E     555E       A4        4       0
                text53                             51E6     51E6       BE        4       0
                text52                             640C     640C       38     2FAE       0
                text51                             5AC0     5AC0       78        4       0
                text50                             23C4     23C4      2B2        4       0
                text49                             5C78     5C78       64        4       0
                text48                             5D9C     5D9C       5C        4       0
                text47                             65C0     65C0       24     2FAE       0
                text46                             358A     358A      19A        4       0
                text45                             5F5C     5F5C       56     2FAE       0
                text44                              EE6      EE6      616        4       0
                text43                             6616     6616        A     2FAE       0
                text42                             33EE     33EE      19C        4       0
                text41                             65E4     65E4       1C     2FAE       0
                text40                             625A     625A       42     2FAE       0
                text39                             5FB2     5FB2       54     2FAE       0
                text38                             6358     6358       3E     2FAE       0
                text37                             631A     631A       3E     2FAE       0
                text36                             62DC     62DC       3E     2FAE       0
                text35                             5C14     5C14       64        4       0
                text34                             659C     659C       24     2FAE       0
                text33                             3A22     3A22      168        4       0
                text32                             572A     572A       8A        4       0
                text31                             60F6     60F6       4A     2FAE       0
                text30                             64EC     64EC       34     2FAE       0
                text29                             4508     4508      106        4       0
                text28                             42EA     42EA      112        4       0
                text27                             3E40     3E40      140        4       0
                text26                             540E     540E       AA        4       0
                text25                             2CD0     2CD0      1E0        4       0
                text24                             5E52     5E52       5A        4       0
                text23                             6520     6520       2E     2FAE       0
                text22                             618A     618A       48     2FAE       0
                text21                             57B4     57B4       88        4       0
                text20                             47EA     47EA       E6        4       0
                text19                             2676     2676      262        4       0
                text18                             5060     5060       C4        4       0
                text17                             1876     1876      2E4        4       0
                text16                             40B8     40B8      11C        4       0
                text15                             569C     569C       8E        4       0
                text14                             3F80     3F80      138        4       0
                text13                             3244     3244      1AA        4       0
                text12                             5DF8     5DF8       5A        4       0
                text11                             4B72     4B72       DC        4       0
                text10                             4ECE     4ECE       CA        4       0
                text9                              41D4     41D4      116        4       0
                text8                              535E     535E       B0        4       0
                text7                              583C     583C       84        4       0
                text6                              5602     5602       9A        4       0
                text5                              6058     6058       50     2FAE       0
                text4                               828      828      6BE        4       0
                text3                              4C4E     4C4E       D8        4       0
                text2                              61D2     61D2       44     2FAE       0
                text1                              5BAC     5BAC       68        4       0
                text0                              3CEE     3CEE      152        4       0
                cstackCOMRAM                          1        1       66        1       1
                cstackBANK0                          80       80       80       80       1
                cstackBANK1                         100      100       88      100       1
                cstackBANK2                         2E0      2E0        6      200       1
                bssBANK3                            300      300       D5      300       1
                dataBANK2                           289      289       57      200       1
                bssBANK2                            200      200       89      200       1
                dataBANK1                           1C5      1C5       3A      100       1
                bssBANK1                            188      188       3D      100       1
                bssCOMRAM                            67       67        C        1       1
                cinit                              59C4     59C4       7E        4       0
                idataBANK2                         5F04     5F04       57        4       0
                idataBANK1                         63D2     63D2       3A     2FAE       0

TOTAL           Name                               Link     Load   Length     Space
        CLASS   STACK          

        CLASS   CODE           
                intcode                               8        8        6         0
                init                                  E        E        4         0
                reset_vec                             0        0        4         0
                text98                             58C0     58C0       84         0
                intcode_body                       5A42     5A42       7E         0
                text96                             54B8     54B8       A6         0
                text95                             38AC     38AC      176         0
                text94                             4D26     4D26       D8         0
                text93                             2EB0     2EB0      1CE         0
                text92                             4F98     4F98       C8         0
                text91                             43FC     43FC      10C         0
                text90                             14FC     14FC      37A         0
                text89                             307E     307E      1C6         0
                text88                             210C     210C      2B8         0
                text87                             5944     5944       80         0
                text86                             6140     6140       4A         0
                text85                             52A4     52A4       BA         0
                text84                             5EAC     5EAC       58         0
                text83                             6576     6576       26         0
                text82                             64B4     64B4       38         0
                text81                             6006     6006       52         0
                text80                             2AD8     2AD8      1F8         0
                text79                             3724     3724      188         0
                text78                             3B8A     3B8A      164         0
                text77                             629C     629C       40         0
                text76                             6600     6600       16         0
                text75                             6620     6620        2         0
                text74                             6216     6216       44         0
                text73                             60A8     60A8       4E         0
                text72                             5124     5124       C2         0
                text71                             1B5A     1B5A      2DE         0
                text70                             4A94     4A94       DE         0
                text69                             460E     460E       F0         0
                text68                             4DFE     4DFE       D0         0
                text67                             28D8     28D8      200         0
                text66                             6396     6396       3C         0
                text65                             647C     647C       38         0
                text64                             6444     6444       38         0
                text63                             5D3E     5D3E       5E         0
                text62                             1E38     1E38      2D4         0
                text61                               12       12      816         0
                text60                             5CDC     5CDC       62         0
                text59                             654E     654E       28         0
                text58                             46FE     46FE       EC         0
                text57                             5B38     5B38       74         0
                text56                             49B4     49B4       E0         0
                text55                             48D0     48D0       E4         0
                text54                             555E     555E       A4         0
                text53                             51E6     51E6       BE         0
                text52                             640C     640C       38         0
                text51                             5AC0     5AC0       78         0
                text50                             23C4     23C4      2B2         0
                text49                             5C78     5C78       64         0
                text48                             5D9C     5D9C       5C         0
                text47                             65C0     65C0       24         0
                text46                             358A     358A      19A         0
                text45                             5F5C     5F5C       56         0
                text44                              EE6      EE6      616         0
                text43                             6616     6616        A         0
                text42                             33EE     33EE      19C         0
                text41                             65E4     65E4       1C         0
                text40                             625A     625A       42         0
                text39                             5FB2     5FB2       54         0
                text38                             6358     6358       3E         0
                text37                             631A     631A       3E         0
                text36                             62DC     62DC       3E         0
                text35                             5C14     5C14       64         0
                text34                             659C     659C       24         0
                text33                             3A22     3A22      168         0
                text32                             572A     572A       8A         0
                text31                             60F6     60F6       4A         0
                text30                             64EC     64EC       34         0
                text29                             4508     4508      106         0
                text28                             42EA     42EA      112         0
                text27                             3E40     3E40      140         0
                text26                             540E     540E       AA         0
                text25                             2CD0     2CD0      1E0         0
                text24                             5E52     5E52       5A         0
                text23                             6520     6520       2E         0
                text22                             618A     618A       48         0
                text21                             57B4     57B4       88         0
                text20                             47EA     47EA       E6         0
                text19                             2676     2676      262         0
                text18                             5060     5060       C4         0
                text17                             1876     1876      2E4         0
                text16                             40B8     40B8      11C         0
                text15                             569C     569C       8E         0
                text14                             3F80     3F80      138         0
                text13                             3244     3244      1AA         0
                text12                             5DF8     5DF8       5A         0
                text11                             4B72     4B72       DC         0
                text10                             4ECE     4ECE       CA         0
                text9                              41D4     41D4      116         0
                text8                              535E     535E       B0         0
                text7                              583C     583C       84         0
                text6                              5602     5602       9A         0
                text5                              6058     6058       50         0
                text4                               828      828      6BE         0
                text3                              4C4E     4C4E       D8         0
                text2                              61D2     61D2       44         0
                text1                              5BAC     5BAC       68         0
                text0                              3CEE     3CEE      152         0
                cinit                              59C4     59C4       7E         0
                idataBANK2                         5F04     5F04       57         0
                idataBANK1                         63D2     63D2       3A         0

        CLASS   CONST          

        CLASS   SMALLCONST     

        CLASS   MEDIUMCONST    
                mediumconst                        7426     7426      99A         0

        CLASS   COMRAM         
                temp                                 73       73        1         1
                cstackCOMRAM                          1        1       66         1
                bssCOMRAM                            67       67        C         1

        CLASS   ABS1           

        CLASS   BIGRAM         

        CLASS   RAM            

        CLASS   BANK0          
                cstackBANK0                          80       80       80         1

        CLASS   BANK1          
                cstackBANK1                         100      100       88         1
                dataBANK1                           1C5      1C5       3A         1
                bssBANK1                            188      188       3D         1

        CLASS   BANK2          
                cstackBANK2                         2E0      2E0        6         1
                dataBANK2                           289      289       57         1
                bssBANK2                            200      200       89         1

        CLASS   BANK3          
                bssBANK3                            300      300       D5         1

        CLASS   BANK4          

        CLASS   BANK5          

        CLASS   SFR            

        CLASS   FARRAM         

        CLASS   CONFIG         
                config                           300000   300000        E         0

        CLASS   IDLOC          
                idloc                            200000   200000        8         0

        CLASS   EEDATA         



SEGMENTS        Name                           Load    Length   Top    Selector   Space  Class

                reset_vec                      000000  000004  000004         0       0  CODE    
                cstackCOMRAM                   000001  000073  000074         1       1  COMRAM  
                intcode                        000008  005F53  005F5B         4       0  CODE    
                cstackBANK0                    000080  000080  000100        80       1  BANK0   
                cstackBANK1                    000100  0000FF  0001FF       100       1  BANK1   
                bssBANK2                       000200  0000E6  0002E6       200       1  BANK2   
                bssBANK3                       000300  0000D5  0003D5       300       1  BANK3   
                text45                         005F5C  0006C6  006622      2FAE       0  CODE    
                mediumconst                    007426  00099A  007DC0      3A13       0  MEDIUMCO
                idloc                          200000  000008  200008    200000       0  IDLOC   
                config                         300000  00000E  30000E    300000       0  CONFIG  


UNUSED ADDRESS RANGES

        Name                Unused          Largest block    Delta
        BANK1            0001FF-0001FF                1
        BANK2            0002E6-0002FF               1A
        BANK3            0003D5-0003FF               2B
        BANK4            000400-0004FF              100
        BANK5            000500-0005F3               F4
        BIGRAM           000074-00007F                C
                         0001FF-0001FF                1
                         0002E6-0002FF               1A
                         0003D5-0005F3              21F
        CODE             000004-000007                4
                         005F5B-005F5B                1
                         006622-007425              E04
        COMRAM           000074-00007F                C
        CONST            000004-000007                4
                         005F5B-005F5B                1
                         006622-007425              E04
        EEDATA           F00000-F000FF              100
        MEDIUMCONST      005F5B-005F5B                1
                         006622-007425              E04
        RAM              0001FF-0001FF                1
                         0002E6-0002FF               1A
                         0003D5-0005F3              100
        SFR              000F80-000F9B               1C
                         000F9D-000FD3               37
                         000FD5-000FDA                6
                         000FE0-000FE2                3
                         000FE8-000FEA                3
                         000FF0-000FFC                D
        SMALLCONST       005F5B-005F5B                1
                         006622-007425              100
        STACK            0003D5-0005F3              21F

                                  Symbol Table

?___aodiv                              cstackCOMRAM 00000D
?___aomod                              cstackCOMRAM 00000D
?___awdiv                              cstackCOMRAM 00000D
?___awmod                              cstackCOMRAM 00000D
?___lldiv                              cstackCOMRAM 00000D
?___llmod                              cstackCOMRAM 00000D
?___lodiv                              cstackCOMRAM 00000D
?___lomod                              cstackCOMRAM 00000D
?___wmul                               cstackCOMRAM 00000D
?_abs                                  cstackCOMRAM 00001F
?_adf4351_get_lock                     cstackCOMRAM 00000D
?_atoi                                 cstackCOMRAM 000014
?_dtoa                                 cstackCOMRAM 000027
?_gcd                                  cstackCOMRAM 000016
?_i2c_probe_addr                       cstackBANK0  0000CB
?_i2c_read                             cstackBANK0  0000A3
?_i2c_start                            cstackCOMRAM 000011
?_i2c_transfer                         cstackBANK0  0000C5
?_i2c_transfer_native                  cstackBANK0  0000AA
?_i2c_wait_int                         cstackCOMRAM 00000D
?_i2c_write                            cstackCOMRAM 000011
?_isalpha                              cstackCOMRAM 00000D
?_isdigit                              cstackCOMRAM 00000D
?_islower                              cstackCOMRAM 00000D
?_isspace                              cstackCOMRAM 00000D
?_isupper                              cstackCOMRAM 00000D
?_itoa                                 cstackCOMRAM 000019
?_memcmp                               cstackCOMRAM 00000D
?_pad                                  cstackCOMRAM 000019
?_printf                               cstackBANK0  000095
?_smbus8_read_byte                     cstackBANK0  0000CB
?_smbus8_write_byte                    cstackBANK0  0000CB
?_strlen                               cstackCOMRAM 00000D
?_strncmp                              cstackCOMRAM 00000D
?_toupper                              cstackCOMRAM 000013
?_usart_getc                           cstackCOMRAM 00000D
?_utoa                                 cstackCOMRAM 000026
?_vfpfcnvrt                            cstackCOMRAM 00004B
?_vfprintf                             cstackCOMRAM 00005F
?_xtoa                                 cstackCOMRAM 000024
_ADCON1bits                            (abs)        000FC1
_BAUDCONbits                           (abs)        000FB8
_GPS_lat                               dataBANK1    0001E6
_GPS_lock                              bssBANK1     0001AE
_GPS_lon                               dataBANK1    0001D7
_GPS_sat                               bssBANK1     0001AD
_INTCON2bits                           (abs)        000FF1
_INTCONbits                            (abs)        000FF2
_LNB_error                             bssBANK1     0001C4
_LNB_laststat                          bssCOMRAM    000071
_LO                                    dataBANK1    0001C5
_OSCCON                                (abs)        000FD3
_OSCCONbits                            (abs)        000FD3
_OSCTUNE                               (abs)        000F9B
_PIE1                                  (abs)        000F9D
_PIE1bits                              (abs)        000F9D
_PIE2                                  (abs)        000FA0
_PIN_ADF_CE_DEF                        mediumconst  0078ED
_PIN_ADF_LE_DEF                        mediumconst  0078E8
_PIN_ADF_LOCK_DEF                      mediumconst  0078F2
_PIN_I2C_SCL_DEF                       mediumconst  0078A7
_PIN_I2C_SDA_DEF                       mediumconst  0078A2
_PIN_LED0                              mediumconst  00776B
_PIN_LED1                              mediumconst  007769
_PIN_LED2                              mediumconst  007767
_PIN_LED3                              mediumconst  00776D
_PIN_LED_ADF_LOCK_DEF                  mediumconst  0078BB
_PIN_LED_CPU_OK_DEF                    mediumconst  0078C5
_PIN_LED_LNB_GOOD_DEF                  mediumconst  0078B1
_PIN_LED_SI_LOCK_DEF                   mediumconst  0078CF
_PIN_LNB_FAULT_DEF                     mediumconst  007875
_PIN_LNB_QRG1_DEF                      mediumconst  00787A
_PIN_LNB_QRG2_DEF                      mediumconst  00787F
_PIN_SI5328_CS_CA_DEF                  mediumconst  0078D4
_PIN_SI5328_LOL_DEF                    mediumconst  0078D9
_PIN_SIO_CLK_DEF                       mediumconst  0078DE
_PIN_SIO_DATA_DEF                      mediumconst  0078E3
_PIN_SJ3_DEF                           mediumconst  007893
_PIN_SJ4_DEF                           mediumconst  00788E
_PIN_SJ5_DEF                           mediumconst  007889
_PIN_SJ6_DEF                           mediumconst  007884
_PIN_USART_RX_DEF                      mediumconst  007898
_PIN_USART_TX_DEF                      mediumconst  00789D
_PIR1bits                              (abs)        000F9E
_PORTA                                 (abs)        000F80
_PORTB                                 (abs)        000F81
_PORTC                                 (abs)        000F82
_PORTCbits                             (abs)        000F82
_RCONbits                              (abs)        000FD0
_RCREG                                 (abs)        000FAE
_RCSTAbits                             (abs)        000FAB
_SPBRG                                 (abs)        000FAF
_SPBRGH                                (abs)        000FB0
_SSPADD                                (abs)        000FC8
_SSPBUF                                (abs)        000FC9
_SSPCON1bits                           (abs)        000FC6
_SSPCON2bits                           (abs)        000FC5
_SSPSTATbits                           (abs)        000FC7
_TRISA                                 (abs)        000F92
_TRISB                                 (abs)        000F93
_TRISC                                 (abs)        000F94
_TXREG                                 (abs)        000FAD
_TXSTAbits                             (abs)        000FAC
_WDTCON                                (abs)        000FD1
__CFG_BOREN$SBORDIS                    (abs)        000000
__CFG_BORV$3                           (abs)        000000
__CFG_CCP2MX$PORTC                     (abs)        000000
__CFG_CP0$OFF                          (abs)        000000
__CFG_CP1$OFF                          (abs)        000000
__CFG_CP2$OFF                          (abs)        000000
__CFG_CP3$OFF                          (abs)        000000
__CFG_CPB$OFF                          (abs)        000000
__CFG_CPD$OFF                          (abs)        000000
__CFG_EBTR0$OFF                        (abs)        000000
__CFG_EBTR1$OFF                        (abs)        000000
__CFG_EBTR2$OFF                        (abs)        000000
__CFG_EBTR3$OFF                        (abs)        000000
__CFG_EBTRB$OFF                        (abs)        000000
__CFG_FCMEN$OFF                        (abs)        000000
__CFG_IESO$OFF                         (abs)        000000
__CFG_LPT1OSC$OFF                      (abs)        000000
__CFG_LVP$OFF                          (abs)        000000
__CFG_MCLRE$ON                         (abs)        000000
__CFG_OSC$INTIO67                      (abs)        000000
__CFG_PBADEN$OFF                       (abs)        000000
__CFG_PWRT$OFF                         (abs)        000000
__CFG_STVREN$ON                        (abs)        000000
__CFG_WDT$OFF                          (abs)        000000
__CFG_WDTPS$                           (abs)        000018
__CFG_WRT0$OFF                         (abs)        000000
__CFG_WRT1$OFF                         (abs)        000000
__CFG_WRT2$OFF                         (abs)        000000
__CFG_WRT3$OFF                         (abs)        000000
__CFG_WRTB$OFF                         (abs)        000000
__CFG_WRTC$OFF                         (abs)        000000
__CFG_WRTD$OFF                         (abs)        000000
__CFG_XINST$OFF                        (abs)        000000
__HRAM                                 (abs)        000000
__Habs1                                abs1         000000
__Hbank0                               bank0        000000
__Hbank1                               bank1        000000
__Hbank2                               bank2        000000
__Hbank3                               bank3        000000
__Hbank4                               bank4        000000
__Hbank5                               bank5        000000
__Hbigbss                              bigbss       000000
__Hbigdata                             bigdata      000000
__Hbigram                              bigram       000000
__Hbss                                 bss          000000
__HbssBANK1                            bssBANK1     000000
__HbssBANK2                            bssBANK2     000000
__HbssBANK3                            bssBANK3     000000
__HbssCOMRAM                           bssCOMRAM    000000
__Hcinit                               cinit        000000
__Hclrtext                             clrtext      000000
__Hcomram                              comram       000000
__Hconfig                              config       30000E
__Hconst                               const        000000
__HcstackBANK0                         cstackBANK0  000000
__HcstackBANK1                         cstackBANK1  000000
__HcstackBANK2                         cstackBANK2  000000
__HcstackCOMRAM                        cstackCOMRAM 000000
__Hdata                                data         000000
__HdataBANK1                           dataBANK1    000000
__HdataBANK2                           dataBANK2    000000
__Heeprom_data                         eeprom_data  000000
__Hfarbss                              farbss       000000
__Hfardata                             fardata      000000
__Hibigdata                            ibigdata     000000
__Hidata                               idata        000000
__HidataBANK1                          idataBANK1   000000
__HidataBANK2                          idataBANK2   000000
__Hidloc                               idloc        200008
__Hifardata                            ifardata     000000
__Hinit                                init         000012
__Hintcode                             intcode      00000E
__Hintcode_body                        intcode_body 000000
__Hintcodelo                           intcodelo    00000E
__Hintentry                            intentry     000000
__Hintret                              intret       000000
__Hintsave_regs                        intsave_regs 000000
__Hirdata                              irdata       000000
__Hmediumconst                         mediumconst  007DC0
__HnvFARRAM                            nvFARRAM     000000
__Hnvbit                               nvbit        000000
__Hnvrram                              nvrram       000000
__Hparam                               rparam       000000
__Hpowerup                             powerup      00000E
__Hram                                 ram          000000
__Hramtop                              ramtop       000600
__Hrbit                                rbit         000000
__Hrbss                                rbss         000000
__Hrdata                               rdata        000000
__Hreset_vec                           reset_vec    000004
__Hrparam                              rparam       000000
__Hsfr                                 sfr          000000
__Hsmallconst                          smallconst   000000
__Hspace_0                             (abs)        30000E
__Hspace_1                             (abs)        0003D5
__Hspace_2                             (abs)        000000
__Hstack                               stack        000000
__Hstruct                              struct       000000
__Htemp                                temp         000074
__Htext                                text         000000
__Htext0                               text0        000000
__Htext1                               text1        000000
__Htext10                              text10       000000
__Htext11                              text11       000000
__Htext12                              text12       000000
__Htext13                              text13       000000
__Htext14                              text14       000000
__Htext15                              text15       000000
__Htext16                              text16       000000
__Htext17                              text17       000000
__Htext18                              text18       000000
__Htext19                              text19       000000
__Htext2                               text2        000000
__Htext20                              text20       000000
__Htext21                              text21       000000
__Htext22                              text22       000000
__Htext23                              text23       000000
__Htext24                              text24       000000
__Htext25                              text25       000000
__Htext26                              text26       000000
__Htext27                              text27       000000
__Htext28                              text28       000000
__Htext29                              text29       000000
__Htext3                               text3        000000
__Htext30                              text30       000000
__Htext31                              text31       000000
__Htext32                              text32       000000
__Htext33                              text33       000000
__Htext34                              text34       000000
__Htext35                              text35       000000
__Htext36                              text36       000000
__Htext37                              text37       000000
__Htext38                              text38       000000
__Htext39                              text39       000000
__Htext4                               text4        000000
__Htext40                              text40       000000
__Htext41                              text41       000000
__Htext42                              text42       000000
__Htext43                              text43       000000
__Htext44                              text44       000000
__Htext45                              text45       000000
__Htext46                              text46       000000
__Htext47                              text47       000000
__Htext48                              text48       000000
__Htext49                              text49       000000
__Htext5                               text5        000000
__Htext50                              text50       000000
__Htext51                              text51       000000
__Htext52                              text52       000000
__Htext53                              text53       000000
__Htext54                              text54       000000
__Htext55                              text55       000000
__Htext56                              text56       000000
__Htext57                              text57       000000
__Htext58                              text58       000000
__Htext59                              text59       000000
__Htext6                               text6        000000
__Htext60                              text60       000000
__Htext61                              text61       000000
__Htext62                              text62       000000
__Htext63                              text63       000000
__Htext64                              text64       000000
__Htext65                              text65       000000
__Htext66                              text66       000000
__Htext67                              text67       000000
__Htext68                              text68       000000
__Htext69                              text69       000000
__Htext7                               text7        000000
__Htext70                              text70       000000
__Htext71                              text71       000000
__Htext72                              text72       000000
__Htext73                              text73       000000
__Htext74                              text74       000000
__Htext75                              text75       000000
__Htext76                              text76       000000
__Htext77                              text77       000000
__Htext78                              text78       000000
__Htext79                              text79       000000
__Htext8                               text8        000000
__Htext80                              text80       000000
__Htext81                              text81       000000
__Htext82                              text82       000000
__Htext83                              text83       000000
__Htext84                              text84       000000
__Htext85                              text85       000000
__Htext86                              text86       000000
__Htext87                              text87       000000
__Htext88                              text88       000000
__Htext89                              text89       000000
__Htext9                               text9        000000
__Htext90                              text90       000000
__Htext91                              text91       000000
__Htext92                              text92       000000
__Htext93                              text93       000000
__Htext94                              text94       000000
__Htext95                              text95       000000
__Htext96                              text96       000000
__Htext98                              text98       000000
__Htext99                              text99       000000
__LRAM                                 (abs)        000001
__Labs1                                abs1         000000
__Lbank0                               bank0        000000
__Lbank1                               bank1        000000
__Lbank2                               bank2        000000
__Lbank3                               bank3        000000
__Lbank4                               bank4        000000
__Lbank5                               bank5        000000
__Lbigbss                              bigbss       000000
__Lbigdata                             bigdata      000000
__Lbigram                              bigram       000000
__Lbss                                 bss          000000
__LbssBANK1                            bssBANK1     000000
__LbssBANK2                            bssBANK2     000000
__LbssBANK3                            bssBANK3     000000
__LbssCOMRAM                           bssCOMRAM    000000
__Lcinit                               cinit        000000
__Lclrtext                             clrtext      000000
__Lcomram                              comram       000000
__Lconfig                              config       300000
__Lconst                               const        000000
__LcstackBANK0                         cstackBANK0  000000
__LcstackBANK1                         cstackBANK1  000000
__LcstackBANK2                         cstackBANK2  000000
__LcstackCOMRAM                        cstackCOMRAM 000000
__Ldata                                data         000000
__LdataBANK1                           dataBANK1    000000
__LdataBANK2                           dataBANK2    000000
__Leeprom_data                         eeprom_data  000000
__Lfarbss                              farbss       000000
__Lfardata                             fardata      000000
__Libigdata                            ibigdata     000000
__Lidata                               idata        000000
__LidataBANK1                          idataBANK1   000000
__LidataBANK2                          idataBANK2   000000
__Lidloc                               idloc        200000
__Lifardata                            ifardata     000000
__Linit                                init         00000E
__Lintcode                             intcode      000008
__Lintcode_body                        intcode_body 000000
__Lintcodelo                           intcodelo    00000E
__Lintentry                            intentry     000000
__Lintret                              intret       000000
__Lintsave_regs                        intsave_regs 000000
__Lirdata                              irdata       000000
__Lmediumconst                         mediumconst  007426
__LnvFARRAM                            nvFARRAM     000000
__Lnvbit                               nvbit        000000
__Lnvrram                              nvrram       000000
__Lparam                               rparam       000000
__Lpowerup                             powerup      00000E
__Lram                                 ram          000000
__Lramtop                              ramtop       000600
__Lrbit                                rbit         000000
__Lrbss                                rbss         000000
__Lrdata                               rdata        000000
__Lreset_vec                           reset_vec    000000
__Lrparam                              rparam       000000
__Lsfr                                 sfr          000000
__Lsmallconst                          smallconst   000000
__Lspace_0                             (abs)        000000
__Lspace_1                             (abs)        000000
__Lspace_2                             (abs)        000000
__Lstack                               stack        000000
__Lstruct                              struct       000000
__Ltemp                                temp         000073
__Ltext                                text         000000
__Ltext0                               text0        000000
__Ltext1                               text1        000000
__Ltext10                              text10       000000
__Ltext11                              text11       000000
__Ltext12                              text12       000000
__Ltext13                              text13       000000
__Ltext14                              text14       000000
__Ltext15                              text15       000000
__Ltext16                              text16       000000
__Ltext17                              text17       000000
__Ltext18                              text18       000000
__Ltext19                              text19       000000
__Ltext2                               text2        000000
__Ltext20                              text20       000000
__Ltext21                              text21       000000
__Ltext22                              text22       000000
__Ltext23                              text23       000000
__Ltext24                              text24       000000
__Ltext25                              text25       000000
__Ltext26                              text26       000000
__Ltext27                              text27       000000
__Ltext28                              text28       000000
__Ltext29                              text29       000000
__Ltext3                               text3        000000
__Ltext30                              text30       000000
__Ltext31                              text31       000000
__Ltext32                              text32       000000
__Ltext33                              text33       000000
__Ltext34                              text34       000000
__Ltext35                              text35       000000
__Ltext36                              text36       000000
__Ltext37                              text37       000000
__Ltext38                              text38       000000
__Ltext39                              text39       000000
__Ltext4                               text4        000000
__Ltext40                              text40       000000
__Ltext41                              text41       000000
__Ltext42                              text42       000000
__Ltext43                              text43       000000
__Ltext44                              text44       000000
__Ltext45                              text45       000000
__Ltext46                              text46       000000
__Ltext47                              text47       000000
__Ltext48                              text48       000000
__Ltext49                              text49       000000
__Ltext5                               text5        000000
__Ltext50                              text50       000000
__Ltext51                              text51       000000
__Ltext52                              text52       000000
__Ltext53                              text53       000000
__Ltext54                              text54       000000
__Ltext55                              text55       000000
__Ltext56                              text56       000000
__Ltext57                              text57       000000
__Ltext58                              text58       000000
__Ltext59                              text59       000000
__Ltext6                               text6        000000
__Ltext60                              text60       000000
__Ltext61                              text61       000000
__Ltext62                              text62       000000
__Ltext63                              text63       000000
__Ltext64                              text64       000000
__Ltext65                              text65       000000
__Ltext66                              text66       000000
__Ltext67                              text67       000000
__Ltext68                              text68       000000
__Ltext69                              text69       000000
__Ltext7                               text7        000000
__Ltext70                              text70       000000
__Ltext71                              text71       000000
__Ltext72                              text72       000000
__Ltext73                              text73       000000
__Ltext74                              text74       000000
__Ltext75                              text75       000000
__Ltext76                              text76       000000
__Ltext77                              text77       000000
__Ltext78                              text78       000000
__Ltext79                              text79       000000
__Ltext8                               text8        000000
__Ltext80                              text80       000000
__Ltext81                              text81       000000
__Ltext82                              text82       000000
__Ltext83                              text83       000000
__Ltext84                              text84       000000
__Ltext85                              text85       000000
__Ltext86                              text86       000000
__Ltext87                              text87       000000
__Ltext88                              text88       000000
__Ltext89                              text89       000000
__Ltext9                               text9        000000
__Ltext90                              text90       000000
__Ltext91                              text91       000000
__Ltext92                              text92       000000
__Ltext93                              text93       000000
__Ltext94                              text94       000000
__Ltext95                              text95       000000
__Ltext96                              text96       000000
__Ltext98                              text98       000000
__Ltext99                              text99       000000
__S0                                   (abs)        30000E
__S1                                   (abs)        0003D5
__S2                                   (abs)        000000
___aodiv                               text79       003724
___aodiv@counter                       cstackCOMRAM 00001D
___aodiv@dividend                      cstackCOMRAM 00000D
___aodiv@divisor                       cstackCOMRAM 000015
___aodiv@quotient                      cstackCOMRAM 00001F
___aodiv@sign                          cstackCOMRAM 00001E
___aomod                               text78       003B8A
___aomod@counter                       cstackCOMRAM 00001D
___aomod@dividend                      cstackCOMRAM 00000D
___aomod@divisor                       cstackCOMRAM 000015
___aomod@sign                          cstackCOMRAM 00001E
___awdiv                               text18       005060
___awdiv@counter                       cstackCOMRAM 000011
___awdiv@dividend                      cstackCOMRAM 00000D
___awdiv@divisor                       cstackCOMRAM 00000F
___awdiv@quotient                      cstackCOMRAM 000013
___awdiv@sign                          cstackCOMRAM 000012
___awmod                               text8        00535E
___awmod@counter                       cstackCOMRAM 000011
___awmod@dividend                      cstackCOMRAM 00000D
___awmod@divisor                       cstackCOMRAM 00000F
___awmod@sign                          cstackCOMRAM 000012
___inthi_sp                            stack        000000
___intlo_sp                            stack        000000
___lldiv                               text54       00555E
___lldiv@counter                       cstackCOMRAM 000019
___lldiv@dividend                      cstackCOMRAM 00000D
___lldiv@divisor                       cstackCOMRAM 000011
___lldiv@quotient                      cstackCOMRAM 000015
___llmod                               text21       0057B4
___llmod@counter                       cstackCOMRAM 000015
___llmod@dividend                      cstackCOMRAM 00000D
___llmod@divisor                       cstackCOMRAM 000011
___lodiv                               text69       00460E
___lodiv@counter                       cstackCOMRAM 000025
___lodiv@dividend                      cstackCOMRAM 00000D
___lodiv@divisor                       cstackCOMRAM 000015
___lodiv@quotient                      cstackCOMRAM 00001D
___lomod                               text68       004DFE
___lomod@counter                       cstackCOMRAM 00001D
___lomod@dividend                      cstackCOMRAM 00000D
___lomod@divisor                       cstackCOMRAM 000015
___param_bank                          (abs)        000000
___rparam_used                         (abs)        000001
___sp                                  stack        000000
___wmul                                text83       006576
___wmul@multiplicand                   cstackCOMRAM 00000F
___wmul@multiplier                     cstackCOMRAM 00000D
___wmul@product                        cstackCOMRAM 000011
__accesstop                            (abs)        000080
__activetblptr                         (abs)        000002
__end_of_PIN_ADF_CE                    mediumconst  007799
__end_of_PIN_ADF_CE_DEF                mediumconst  0078F2
__end_of_PIN_ADF_LE                    mediumconst  00779B
__end_of_PIN_ADF_LE_DEF                mediumconst  0078ED
__end_of_PIN_ADF_LOCK                  mediumconst  007797
__end_of_PIN_ADF_LOCK_DEF              mediumconst  0078F7
__end_of_PIN_I2C_SCL                   mediumconst  007783
__end_of_PIN_I2C_SCL_DEF               mediumconst  0078AC
__end_of_PIN_I2C_SDA                   mediumconst  007781
__end_of_PIN_I2C_SDA_DEF               mediumconst  0078A7
__end_of_PIN_LED0                      mediumconst  00776D
__end_of_PIN_LED0_DEF                  mediumconst  0078C5
__end_of_PIN_LED1                      mediumconst  00776B
__end_of_PIN_LED1_DEF                  mediumconst  0078BB
__end_of_PIN_LED2                      mediumconst  007769
__end_of_PIN_LED2_DEF                  mediumconst  0078B1
__end_of_PIN_LED3                      mediumconst  00776F
__end_of_PIN_LED3_DEF                  mediumconst  0078CF
__end_of_PIN_LED_ADF_LOCK              mediumconst  007795
__end_of_PIN_LED_ADF_LOCK_DEF          mediumconst  0078C0
__end_of_PIN_LED_CPU_OK                mediumconst  007785
__end_of_PIN_LED_CPU_OK_DEF            mediumconst  0078CA
__end_of_PIN_LED_LNB_GOOD              mediumconst  00778D
__end_of_PIN_LED_LNB_GOOD_DEF          mediumconst  0078B6
__end_of_PIN_LED_SI_LOCK               mediumconst  007789
__end_of_PIN_LED_SI_LOCK_DEF           mediumconst  0078D4
__end_of_PIN_LNB_FAULT                 mediumconst  00778F
__end_of_PIN_LNB_FAULT_DEF             mediumconst  00787A
__end_of_PIN_LNB_QRG1                  mediumconst  007771
__end_of_PIN_LNB_QRG1_DEF              mediumconst  00787F
__end_of_PIN_LNB_QRG2                  mediumconst  007773
__end_of_PIN_LNB_QRG2_DEF              mediumconst  007884
__end_of_PIN_SI5328_CS_CA              mediumconst  007787
__end_of_PIN_SI5328_CS_CA_DEF          mediumconst  0078D9
__end_of_PIN_SI5328_LOL                mediumconst  00778B
__end_of_PIN_SI5328_LOL_DEF            mediumconst  0078DE
__end_of_PIN_SIO_CLK                   mediumconst  007793
__end_of_PIN_SIO_CLK_DEF               mediumconst  0078E3
__end_of_PIN_SIO_DATA                  mediumconst  007791
__end_of_PIN_SIO_DATA_DEF              mediumconst  0078E8
__end_of_PIN_SJ3                       mediumconst  00777B
__end_of_PIN_SJ3_DEF                   mediumconst  007898
__end_of_PIN_SJ4                       mediumconst  007779
__end_of_PIN_SJ4_DEF                   mediumconst  007893
__end_of_PIN_SJ5                       mediumconst  007777
__end_of_PIN_SJ5_DEF                   mediumconst  00788E
__end_of_PIN_SJ6                       mediumconst  007775
__end_of_PIN_SJ6_DEF                   mediumconst  007889
__end_of_PIN_USART_RX                  mediumconst  00777D
__end_of_PIN_USART_RX_DEF              mediumconst  00789D
__end_of_PIN_USART_TX                  mediumconst  00777F
__end_of_PIN_USART_TX_DEF              mediumconst  0078A2
__end_of___aodiv                       text79       0038AC
__end_of___aomod                       text78       003CEE
__end_of___awdiv                       text18       005124
__end_of___awmod                       text8        00540E
__end_of___lldiv                       text54       005602
__end_of___llmod                       text21       00583C
__end_of___lodiv                       text69       0046FE
__end_of___lomod                       text68       004ECE
__end_of___wmul                        text83       00659C
__end_of__initialization               cinit        005A34
__end_of_abs                           text77       0062DC
__end_of_adf4351_calc_counters         text19       0028D8
__end_of_adf4351_calc_rcnt_block       text17       001B5A
__end_of_adf4351_calc_vco_core_freq    text16       0041D4
__end_of_adf4351_default               text96       00555E
__end_of_adf4351_get_lock              text22       0061D2
__end_of_adf4351_init                  text94       004DFE
__end_of_adf4351_set_freq              text15       00572A
__end_of_adf4351_set_mode              text85       00535E
__end_of_adf4351_set_tune              text84       005F04
__end_of_adf4351_setup                 text86       00618A
__end_of_adf4351_write_latch           text93       00307E
__end_of_adf4351_write_reg0            text92       005060
__end_of_adf4351_write_reg1            text91       004508
__end_of_adf4351_write_reg2            text90       001876
__end_of_adf4351_write_reg3            text89       003244
__end_of_adf4351_write_reg4            text88       0023C4
__end_of_adf4351_write_reg5            text87       0059C4
__end_of_atoi                          text80       002CD0
__end_of_check_ADF5341_status          text58       0047EA
__end_of_check_LNB_status              text28       0043FC
__end_of_check_si5328_status           text46       003724
__end_of_dtoa                          text71       001E38
__end_of_font8x8_basic                 mediumconst  00772F
__end_of_fputc                         text75       006622
__end_of_fputs                         text74       00625A
__end_of_freq_table_25_24              mediumconst  007875
__end_of_freq_table_25_25              mediumconst  00784D
__end_of_freq_table_27_26              mediumconst  007825
__end_of_freq_table_27_OPT             mediumconst  0077FD
__end_of_gcd                           text20       0048D0
__end_of_global_irq_handler            intcode_body 005AC0
__end_of_gps_activate10MHz_payload     mediumconst  007753
__end_of_i2c_native_init               text45       005FB2
__end_of_i2c_probe_addr                text40       00629C
__end_of_i2c_read                      text56       004A94
__end_of_i2c_reset                     text53       0052A4
__end_of_i2c_start                     text55       0049B4
__end_of_i2c_stop                      text52       006444
__end_of_i2c_transfer                  text49       005CDC
__end_of_i2c_transfer_native           text50       002676
__end_of_i2c_wait_int                  text57       005BAC
__end_of_i2c_write                     text51       005B38
__end_of_init_gpios                    text44       0014FC
__end_of_init_gps                      text41       006600
__end_of_irq_set_handler               text2        006216
__end_of_isalpha                       text66       0063D2
__end_of_isdigit                       text82       0064EC
__end_of_islower                       text64       00647C
__end_of_isspace                       text81       006058
__end_of_isupper                       text65       0064B4
__end_of_itoa                          text7        0058C0
__end_of_lcd_clear_screen              text35       005C78
__end_of_lcd_draw8x8                   text34       0065C0
__end_of_lcd_init                      text29       00460E
__end_of_lnb_configure                 text26       0054B8
__end_of_lnb_do_configure              text27       003F80
__end_of_main                          text0        003E40
__end_of_memcmp                        text6        00569C
__end_of_memcpy                        text5        0060A8
__end_of_memset                        text95       003A22
__end_of_out_freq_table                mediumconst  007767
__end_of_pad                           text72       0051E6
__end_of_print_char                    text33       003B8A
__end_of_print_string                  text32       0057B4
__end_of_printf                        text59       006576
__end_of_putgps                        text43       006620
__end_of_read_reg                      text47       0065E4
__end_of_read_switch                   text14       0040B8
__end_of_reg_set_univ                  mediumconst  0077D5
__end_of_rx_gps                        text25       002EB0
__end_of_rx_usart                      text23       00654E
__end_of_send_UBX_string               text42       00358A
__end_of_setADF4351frequency           text13       0033EE
__end_of_setQRG                        text9        0042EA
__end_of_show_display                  text4        000EE6
__end_of_si5328_init                   text3        004D26
__end_of_si5328_perform_ical           text12       005E52
__end_of_si5328_set_freq               text10       004F98
__end_of_smbus8_read_byte              text48       005DF8
__end_of_smbus8_write_byte             text31       006140
__end_of_smbus8_write_data             text39       006006
__end_of_ssd1306_command               text37       006358
__end_of_ssd1306_commandbyte           text30       006520
__end_of_ssd1306_data                  text38       006396
__end_of_ssd1306_setpos                text36       00631A
__end_of_strlen                        text73       0060F6
__end_of_strncmp                       text70       004B72
__end_of_toupper                       text63       005D9C
__end_of_usart_getc                    text24       005EAC
__end_of_usart_init                    text1        005C14
__end_of_usart_putc                    text76       006616
__end_of_usart_rx_irq_handler          text98       005944
__end_of_utoa                          text67       002AD8
__end_of_vfpfcnvrt                     text61       000828
__end_of_vfprintf                      text60       005D3E
__end_of_write_regset                  text11       004C4E
__end_of_xtoa                          text62       00210C
__initialization                       cinit        0059C4
__mediumconst                          mediumconst  007426
__pbssBANK1                            bssBANK1     000188
__pbssBANK2                            bssBANK2     000200
__pbssBANK3                            bssBANK3     000300
__pbssCOMRAM                           bssCOMRAM    000067
__pcinit                               cinit        0059C4
__pcstackBANK0                         cstackBANK0  000080
__pcstackBANK1                         cstackBANK1  000100
__pcstackBANK2                         cstackBANK2  0002E0
__pcstackCOMRAM                        cstackCOMRAM 000001
__pdataBANK1                           dataBANK1    0001C5
__pdataBANK2                           dataBANK2    000289
__pidataBANK1                          idataBANK1   0063D2
__pidataBANK2                          idataBANK2   005F04
__pintcode                             intcode      000008
__pintcode_body                        intcode_body 005A42
__pmediumconst                         mediumconst  007426
__ptext0                               text0        003CEE
__ptext1                               text1        005BAC
__ptext10                              text10       004ECE
__ptext11                              text11       004B72
__ptext12                              text12       005DF8
__ptext13                              text13       003244
__ptext14                              text14       003F80
__ptext15                              text15       00569C
__ptext16                              text16       0040B8
__ptext17                              text17       001876
__ptext18                              text18       005060
__ptext19                              text19       002676
__ptext2                               text2        0061D2
__ptext20                              text20       0047EA
__ptext21                              text21       0057B4
__ptext22                              text22       00618A
__ptext23                              text23       006520
__ptext24                              text24       005E52
__ptext25                              text25       002CD0
__ptext26                              text26       00540E
__ptext27                              text27       003E40
__ptext28                              text28       0042EA
__ptext29                              text29       004508
__ptext3                               text3        004C4E
__ptext30                              text30       0064EC
__ptext31                              text31       0060F6
__ptext32                              text32       00572A
__ptext33                              text33       003A22
__ptext34                              text34       00659C
__ptext35                              text35       005C14
__ptext36                              text36       0062DC
__ptext37                              text37       00631A
__ptext38                              text38       006358
__ptext39                              text39       005FB2
__ptext4                               text4        000828
__ptext40                              text40       00625A
__ptext41                              text41       0065E4
__ptext42                              text42       0033EE
__ptext43                              text43       006616
__ptext44                              text44       000EE6
__ptext45                              text45       005F5C
__ptext46                              text46       00358A
__ptext47                              text47       0065C0
__ptext48                              text48       005D9C
__ptext49                              text49       005C78
__ptext5                               text5        006058
__ptext50                              text50       0023C4
__ptext51                              text51       005AC0
__ptext52                              text52       00640C
__ptext53                              text53       0051E6
__ptext54                              text54       00555E
__ptext55                              text55       0048D0
__ptext56                              text56       0049B4
__ptext57                              text57       005B38
__ptext58                              text58       0046FE
__ptext59                              text59       00654E
__ptext6                               text6        005602
__ptext60                              text60       005CDC
__ptext61                              text61       000012
__ptext62                              text62       001E38
__ptext63                              text63       005D3E
__ptext64                              text64       006444
__ptext65                              text65       00647C
__ptext66                              text66       006396
__ptext67                              text67       0028D8
__ptext68                              text68       004DFE
__ptext69                              text69       00460E
__ptext7                               text7        00583C
__ptext70                              text70       004A94
__ptext71                              text71       001B5A
__ptext72                              text72       005124
__ptext73                              text73       0060A8
__ptext74                              text74       006216
__ptext75                              text75       006620
__ptext76                              text76       006600
__ptext77                              text77       00629C
__ptext78                              text78       003B8A
__ptext79                              text79       003724
__ptext8                               text8        00535E
__ptext80                              text80       002AD8
__ptext81                              text81       006006
__ptext82                              text82       0064B4
__ptext83                              text83       006576
__ptext84                              text84       005EAC
__ptext85                              text85       0052A4
__ptext86                              text86       006140
__ptext87                              text87       005944
__ptext88                              text88       00210C
__ptext89                              text89       00307E
__ptext9                               text9        0041D4
__ptext90                              text90       0014FC
__ptext91                              text91       0043FC
__ptext92                              text92       004F98
__ptext93                              text93       002EB0
__ptext94                              text94       004D26
__ptext95                              text95       0038AC
__ptext96                              text96       0054B8
__ptext98                              text98       0058C0
__ptext99                              text99       000000
__ramtop                               ramtop       000600
__size_of___aodiv                      (abs)        000000
__size_of___aomod                      (abs)        000000
__size_of___awdiv                      (abs)        000000
__size_of___awmod                      (abs)        000000
__size_of___lldiv                      (abs)        000000
__size_of___llmod                      (abs)        000000
__size_of___lodiv                      (abs)        000000
__size_of___lomod                      (abs)        000000
__size_of___wmul                       (abs)        000000
__size_of_abs                          (abs)        000000
__size_of_adf4351_calc_counters        (abs)        000000
__size_of_adf4351_calc_rcnt_block      (abs)        000000
__size_of_adf4351_calc_vco_core_freq   (abs)        000000
__size_of_adf4351_default              (abs)        000000
__size_of_adf4351_get_lock             (abs)        000000
__size_of_adf4351_init                 (abs)        000000
__size_of_adf4351_set_freq             (abs)        000000
__size_of_adf4351_set_mode             (abs)        000000
__size_of_adf4351_set_tune             (abs)        000000
__size_of_adf4351_setup                (abs)        000000
__size_of_adf4351_write_latch          (abs)        000000
__size_of_adf4351_write_reg0           (abs)        000000
__size_of_adf4351_write_reg1           (abs)        000000
__size_of_adf4351_write_reg2           (abs)        000000
__size_of_adf4351_write_reg3           (abs)        000000
__size_of_adf4351_write_reg4           (abs)        000000
__size_of_adf4351_write_reg5           (abs)        000000
__size_of_atoi                         (abs)        000000
__size_of_check_ADF5341_status         (abs)        000000
__size_of_check_LNB_status             (abs)        000000
__size_of_check_si5328_status          (abs)        000000
__size_of_dtoa                         (abs)        000000
__size_of_fputc                        (abs)        000000
__size_of_fputs                        (abs)        000000
__size_of_gcd                          (abs)        000000
__size_of_global_irq_handler           (abs)        000000
__size_of_i2c_native_init              (abs)        000000
__size_of_i2c_probe_addr               (abs)        000000
__size_of_i2c_read                     (abs)        000000
__size_of_i2c_reset                    (abs)        000000
__size_of_i2c_start                    (abs)        000000
__size_of_i2c_stop                     (abs)        000000
__size_of_i2c_transfer                 (abs)        000000
__size_of_i2c_transfer_native          (abs)        000000
__size_of_i2c_wait_int                 (abs)        000000
__size_of_i2c_write                    (abs)        000000
__size_of_init_gpios                   (abs)        000000
__size_of_init_gps                     (abs)        000000
__size_of_irq_set_handler              (abs)        000000
__size_of_isalpha                      (abs)        000000
__size_of_isdigit                      (abs)        000000
__size_of_islower                      (abs)        000000
__size_of_isspace                      (abs)        000000
__size_of_isupper                      (abs)        000000
__size_of_itoa                         (abs)        000000
__size_of_lcd_clear_screen             (abs)        000000
__size_of_lcd_draw8x8                  (abs)        000000
__size_of_lcd_init                     (abs)        000000
__size_of_lnb_configure                (abs)        000000
__size_of_lnb_do_configure             (abs)        000000
__size_of_main                         (abs)        000000
__size_of_memcmp                       (abs)        000000
__size_of_memcpy                       (abs)        000000
__size_of_memset                       (abs)        000000
__size_of_pad                          (abs)        000000
__size_of_print_char                   (abs)        000000
__size_of_print_string                 (abs)        000000
__size_of_printf                       (abs)        000000
__size_of_putgps                       (abs)        000000
__size_of_read_reg                     (abs)        000000
__size_of_read_switch                  (abs)        000000
__size_of_rx_gps                       (abs)        000000
__size_of_rx_usart                     (abs)        000000
__size_of_send_UBX_string              (abs)        000000
__size_of_setADF4351frequency          (abs)        000000
__size_of_setQRG                       (abs)        000000
__size_of_show_display                 (abs)        000000
__size_of_si5328_init                  (abs)        000000
__size_of_si5328_perform_ical          (abs)        000000
__size_of_si5328_set_freq              (abs)        000000
__size_of_smbus8_read_byte             (abs)        000000
__size_of_smbus8_write_byte            (abs)        000000
__size_of_smbus8_write_data            (abs)        000000
__size_of_ssd1306_command              (abs)        000000
__size_of_ssd1306_commandbyte          (abs)        000000
__size_of_ssd1306_data                 (abs)        000000
__size_of_ssd1306_setpos               (abs)        000000
__size_of_strlen                       (abs)        000000
__size_of_strncmp                      (abs)        000000
__size_of_toupper                      (abs)        000000
__size_of_usart_getc                   (abs)        000000
__size_of_usart_init                   (abs)        000000
__size_of_usart_putc                   (abs)        000000
__size_of_usart_rx_irq_handler         (abs)        000000
__size_of_utoa                         (abs)        000000
__size_of_vfpfcnvrt                    (abs)        000000
__size_of_vfprintf                     (abs)        000000
__size_of_write_regset                 (abs)        000000
__size_of_xtoa                         (abs)        000000
__smallconst                           smallconst   000000
_abs                                   text77       00629C
_actualADFswitch                       dataBANK1    0001D3
_adf4351_calc_counters                 text19       002676
_adf4351_calc_rcnt_block               text17       001876
_adf4351_calc_vco_core_freq            text16       0040B8
_adf4351_default                       text96       0054B8
_adf4351_get_lock                      text22       00618A
_adf4351_init                          text94       004D26
_adf4351_lockstat                      bssCOMRAM    000072
[...]
 Tracked objects:
		On entry : 
		On exit  : 
		Unchanged: 
 Data sizes:     COMRAM   BANK0   BANK1   BANK2   BANK3   BANK4   BANK5
      Params:         2       0       0       0       0       0       0
      Locals:         4       0       0       0       0       0       0
      Temps:          6       0       0       0       0       0       0
      Totals:        12       0       0       0       0       0       0
Total ram usage:       12 bytes
 Hardware stack levels used:    1
 Hardware stack levels required when called:    3
 This function calls:
		_adf4351_write_latch
 This function is called by:
		_adf4351_setup
 This function uses a non-reentrant model


 *************** function _adf4351_write_latch *****************
 Defined at:
		line 401 in file "src/driver/adf4351.c"
 Parameters:    Size  Location     Type
  value           4   12[COMRAM] unsigned long 
 Auto vars:     Size  Location     Type
  mask            4   20[COMRAM] unsigned long 
 Return value:  Size  Location     Type
                  1    wreg      void 
 Registers used:
		wreg, fsr2l, fsr2h, status,2, status,0, tblptrl, tblptrh, tblptru
 Tracked objects:
		On entry : 
		On exit  : 
		Unchanged: 
 Data sizes:     COMRAM   BANK0   BANK1   BANK2   BANK3   BANK4   BANK5
      Params:         4       0       0       0       0       0       0
      Locals:         4       0       0       0       0       0       0
      Temps:          4       0       0       0       0       0       0
      Totals:        12       0       0       0       0       0       0
Total ram usage:       12 bytes
 Hardware stack levels used:    1
 Hardware stack levels required when called:    2
 This function calls:
		Nothing
 This function is called by:
		_adf4351_write_reg0
		_adf4351_write_reg1
		_adf4351_write_reg2
		_adf4351_write_reg3
		_adf4351_write_reg4
		_adf4351_write_reg5
 This function uses a non-reentrant model


 *************** function _adf4351_init *****************
 Defined at:
		line 33 in file "src/driver/adf4351.c"
 Parameters:    Size  Location     Type
  ctx             2   24[COMRAM] PTR struct adf4351_ctx
		 -> g_adf4351(55), 
  ref             4   26[COMRAM] unsigned long 
  pfd             4   30[COMRAM] unsigned long 
 Auto vars:     Size  Location     Type
		None
 Return value:  Size  Location     Type
                  1    wreg      void 
 Registers used:
		wreg, fsr2l, fsr2h, status,2, status,0, tblptrl, tblptrh, tblptru, cstack
 Tracked objects:
		On entry : 
		On exit  : 
		Unchanged: 
 Data sizes:     COMRAM   BANK0   BANK1   BANK2   BANK3   BANK4   BANK5
      Params:        10       0       0       0       0       0       0
      Locals:         0       0       0       0       0       0       0
      Temps:          3       0       0       0       0       0       0
      Totals:        13       0       0       0       0       0       0
Total ram usage:       13 bytes
 Hardware stack levels used:    1
 Hardware stack levels required when called:    3
 This function calls:
		_adf4351_default
		_memset
 This function is called by:
		_main
 This function uses a non-reentrant model


 *************** function _memset *****************
 Defined at:
		line 4 in file "/opt/microchip/xc8/v2.10/pic/sources/c99/common/memset.c"
 Parameters:    Size  Location     Type
  dest            2   12[COMRAM] PTR void 
		 -> g_adf4351(55), g_i2c_bus(8), eval_gps@elem(240), itoa@buffer(12), 
		 -> print_char@map(8), lcd_clear_screen@buf(128), 
  c               2   14[COMRAM] int 
  n               2   16[COMRAM] unsigned int 
 Auto vars:     Size  Location     Type
  s               2   22[COMRAM] PTR unsigned char 
		 -> g_adf4351(55), g_i2c_bus(8), eval_gps@elem(240), itoa@buffer(12), 
		 -> print_char@map(8), lcd_clear_screen@buf(128), 
  k               2   20[COMRAM] unsigned int 
 Return value:  Size  Location     Type
                  2   12[COMRAM] PTR void 
 Registers used:
		wreg, fsr2l, fsr2h, status,2, status,0
 Tracked objects:
		On entry : 
		On exit  : 
		Unchanged: 
 Data sizes:     COMRAM   BANK0   BANK1   BANK2   BANK3   BANK4   BANK5
      Params:         6       0       0       0       0       0       0
      Locals:         4       0       0       0       0       0       0
      Temps:          2       0       0       0       0       0       0
      Totals:        12       0       0       0       0       0       0
Total ram usage:       12 bytes
 Hardware stack levels used:    1
 Hardware stack levels required when called:    2
 This function calls:
		Nothing
 This function is called by:
		_adf4351_init
		_i2c_native_init
		_lcd_clear_screen
		_print_char
		_itoa
		_eval_gps
 This function uses a non-reentrant model


 *************** function _adf4351_default *****************
 Defined at:
		line 142 in file "src/driver/adf4351.c"
 Parameters:    Size  Location     Type
  ctx             2   12[COMRAM] PTR struct adf4351_ctx
		 -> g_adf4351(55), 
 Auto vars:     Size  Location     Type
		None
 Return value:  Size  Location     Type
                  1    wreg      void 
 Registers used:
		wreg, fsr2l, fsr2h, status,2, status,0
 Tracked objects:
		On entry : 
		On exit  : 
		Unchanged: 
 Data sizes:     COMRAM   BANK0   BANK1   BANK2   BANK3   BANK4   BANK5
      Params:         2       0       0       0       0       0       0
      Locals:         0       0       0       0       0       0       0
      Temps:          0       0       0       0       0       0       0
      Totals:         2       0       0       0       0       0       0
Total ram usage:        2 bytes
 Hardware stack levels used:    1
 Hardware stack levels required when called:    2
 This function calls:
		Nothing
 This function is called by:
		_adf4351_init
 This function uses a non-reentrant model


 *************** function _global_irq_handler *****************
 Defined at:
		line 17 in file "src/driver/irq.c"
 Parameters:    Size  Location     Type
		None
 Auto vars:     Size  Location     Type
  dummy           1   11[COMRAM] volatile unsigned char 
 Return value:  Size  Location     Type
                  1    wreg      void 
 Registers used:
		wreg, fsr2l, fsr2h, status,2, status,0, pclath, tosl, cstack
 Tracked objects:
		On entry : 
		On exit  : 
		Unchanged: 
 Data sizes:     COMRAM   BANK0   BANK1   BANK2   BANK3   BANK4   BANK5
      Params:         0       0       0       0       0       0       0
      Locals:         1       0       0       0       0       0       0
      Temps:          4       0       0       0       0       0       0
      Totals:         5       0       0       0       0       0       0
Total ram usage:        5 bytes
 Hardware stack levels used:    1
 Hardware stack levels required when called:    1
 This function calls:
		_usart_rx_irq_handler
 This function is called by:
		Interrupt level 2
 This function uses a non-reentrant model


 *************** function _usart_rx_irq_handler *****************
 Defined at:
		line 72 in file "src/driver/usart.c"
 Parameters:    Size  Location     Type
  udata           2    0[COMRAM] PTR void 
		 -> NULL(0), 
 Auto vars:     Size  Location     Type
  wposn           2    5[COMRAM] volatile int 
  c               1    4[COMRAM] volatile unsigned char 
 Return value:  Size  Location     Type
                  1    wreg      void 
 Registers used:
		wreg, fsr2l, fsr2h, status,2, status,0
 Tracked objects:
		On entry : 
		On exit  : 
		Unchanged: 
 Data sizes:     COMRAM   BANK0   BANK1   BANK2   BANK3   BANK4   BANK5
      Params:         2       0       0       0       0       0       0
      Locals:         3       0       0       0       0       0       0
      Temps:          2       0       0       0       0       0       0
      Totals:         7       0       0       0       0       0       0
Total ram usage:        7 bytes
 Hardware stack levels used:    1
 This function calls:
		Nothing
 This function is called by:
		_usart_init
		_global_irq_handler
 This function uses a non-reentrant model



MODULE INFORMATION

Module		Function		Class		Link	Load	Size
src/driver/lnb.c
		_lnb_configure 		CODE           	540E	0000	171
		_check_LNB_status		CODE           	42EA	0000	275
		_lnb_do_configure		CODE           	3E40	0000	321

src/driver/lnb.c estimated size: 767

/opt/microchip/xc8/v2.10/pic/sources/c99/common/awmod.c
		___awmod       		CODE           	535E	0000	177

/opt/microchip/xc8/v2.10/pic/sources/c99/common/awmod.c estimated size: 177

/opt/microchip/xc8/v2.10/pic/sources/c99/common/llmod.c
		___llmod       		CODE           	57B4	0000	137

/opt/microchip/xc8/v2.10/pic/sources/c99/common/llmod.c estimated size: 137

/opt/microchip/xc8/v2.10/pic/sources/c99/common/aomod.c
		___aomod       		CODE           	3B8A	0000	357

/opt/microchip/xc8/v2.10/pic/sources/c99/common/aomod.c estimated size: 357

src/driver/base/i2c.c
		_smbus8_read_byte		CODE           	5D9C	0000	93
		_smbus8_write_data		CODE           	5FB2	0000	85
		_smbus8_write_byte		CODE           	60F6	0000	75
		_i2c_transfer  		CODE           	5C78	0000	101
		_i2c_probe_addr		CODE           	625A	0000	67

src/driver/base/i2c.c estimated size: 421

/opt/microchip/xc8/v2.10/pic/sources/c99/common/printf.c
		_printf        		CODE           	654E	0000	41

/opt/microchip/xc8/v2.10/pic/sources/c99/common/printf.c estimated size: 41

/opt/microchip/xc8/v2.10/pic/sources/c99/common/lodiv.c
		___lodiv       		CODE           	460E	0000	241

/opt/microchip/xc8/v2.10/pic/sources/c99/common/lodiv.c estimated size: 241

src/driver/irq.c
		_global_irq_handler		CODE           	0008	0000	133
		_irq_set_handler		CODE           	61D2	0000	69

src/driver/irq.c estimated size: 202

/opt/microchip/xc8/v2.10/pic/sources/c99/common/strlen.c
		_strlen        		CODE           	60A8	0000	79

/opt/microchip/xc8/v2.10/pic/sources/c99/common/strlen.c estimated size: 79

/opt/microchip/xc8/v2.10/pic/sources/c99/common/nf_fputs.c
		_fputs         		CODE           	6216	0000	69

/opt/microchip/xc8/v2.10/pic/sources/c99/common/nf_fputs.c estimated size: 69

/opt/microchip/xc8/v2.10/pic/sources/c99/common/isupper.c
		_isupper       		CODE           	647C	0000	57

/opt/microchip/xc8/v2.10/pic/sources/c99/common/isupper.c estimated size: 57

src/driver/si5328.c
		_si5328_set_freq		CODE           	4ECE	0000	203
		_check_si5328_status		CODE           	358A	0000	411
		_read_reg      		CODE           	65C0	0000	37
		_si5328_perform_ical		CODE           	5DF8	0000	91
		_si5328_init   		CODE           	4C4E	0000	217
		_write_regset  		CODE           	4B72	0000	221

src/driver/si5328.c estimated size: 1180

/opt/microchip/xc8/v2.10/pic/sources/c99/common/memset.c
		_memset        		CODE           	38AC	0000	375

/opt/microchip/xc8/v2.10/pic/sources/c99/common/memset.c estimated size: 375

src/gpio.c
		_init_gpios    		CODE           	0EE6	0000	1559

src/gpio.c estimated size: 1559

/opt/microchip/xc8/v2.10/pic/sources/c99/common/awdiv.c
		___awdiv       		CODE           	5060	0000	197

/opt/microchip/xc8/v2.10/pic/sources/c99/common/awdiv.c estimated size: 197

/opt/microchip/xc8/v2.10/pic/sources/c99/common/abs.c
		_abs           		CODE           	629C	0000	65

/opt/microchip/xc8/v2.10/pic/sources/c99/common/abs.c estimated size: 65

src/driver/usart.c
		_usart_getc    		CODE           	5E52	0000	91
		_putgps        		CODE           	6616	0000	11
		_usart_putc    		CODE           	6600	0000	23
		_usart_rx_irq_handler		CODE           	58C0	0000	133
		_rx_usart      		CODE           	6520	0000	47
		_fputc         		CODE           	6620	0000	3
		_usart_init    		CODE           	5BAC	0000	105

src/driver/usart.c estimated size: 413

src/main.c
		_read_switch   		CODE           	3F80	0000	313
		_setADF4351frequency		CODE           	3244	0000	427
		_main          		CODE           	3CEE	0000	339
		_setQRG        		CODE           	41D4	0000	279

src/main.c estimated size: 1358

/opt/microchip/xc8/v2.10/pic/sources/c99/common/aodiv.c
		___aodiv       		CODE           	3724	0000	393

/opt/microchip/xc8/v2.10/pic/sources/c99/common/aodiv.c estimated size: 393

src/driver/lcd.c
		_ssd1306_setpos		CODE           	62DC	0000	63
		_ssd1306_command		CODE           	631A	0000	63
		_print_char    		CODE           	3A22	0000	361
		_print_string  		CODE           	572A	0000	139
		_show_display  		CODE           	0828	0000	1727
		_lcd_clear_screen		CODE           	5C14	0000	101
		_ssd1306_data  		CODE           	6358	0000	63
		_itoa          		CODE           	583C	0000	133
		_ssd1306_commandbyte		CODE           	64EC	0000	53
		_lcd_init      		CODE           	4508	0000	263
		_lcd_draw8x8   		CODE           	659C	0000	37

src/driver/lcd.c estimated size: 3003

/opt/microchip/xc8/v2.10/pic/sources/c99/common/islower.c
		_islower       		CODE           	6444	0000	57

/opt/microchip/xc8/v2.10/pic/sources/c99/common/islower.c estimated size: 57

src/driver/i2c_native.c
		_i2c_start     		CODE           	48D0	0000	229
		_i2c_reset     		CODE           	51E6	0000	191
		_i2c_native_init		CODE           	5F5C	0000	87
		_i2c_write     		CODE           	5AC0	0000	121
		_i2c_stop      		CODE           	640C	0000	57
		_i2c_transfer_native		CODE           	23C4	0000	691
		_i2c_read      		CODE           	49B4	0000	225
		_i2c_wait_int  		CODE           	5B38	0000	117

src/driver/i2c_native.c estimated size: 1718

/opt/microchip/xc8/v2.10/pic/sources/c99/common/atoi.c
		_atoi          		CODE           	2AD8	0000	505

/opt/microchip/xc8/v2.10/pic/sources/c99/common/atoi.c estimated size: 505

shared
		_PIN_LED_SI_LOCK		MEDIUMCONST    	0000	0000	0
		_PIN_SI5328_LOL		MEDIUMCONST    	0000	0000	0
		_PIN_LNB_QRG1_DEF		MEDIUMCONST    	787A	0000	6
		_PIN_LNB_QRG2_DEF		MEDIUMCONST    	787F	0000	6
		_PIN_SI5328_CS_CA_DEF		MEDIUMCONST    	78D4	0000	6
		_PIN_SIO_CLK_DEF		MEDIUMCONST    	78DE	0000	6
		_PIN_SJ5       		MEDIUMCONST    	0000	0000	0
		_PIN_SJ5_DEF   		MEDIUMCONST    	7889	0000	6
		_PIN_I2C_SDA_DEF		MEDIUMCONST    	78A2	0000	6
		_PIN_I2C_SCL_DEF		MEDIUMCONST    	78A7	0000	6
		_freq_table_25_24		MEDIUMCONST    	784D	0000	41
		_freq_table_25_25		MEDIUMCONST    	7825	0000	41
		_freq_table_27_26		MEDIUMCONST    	77FD	0000	41
		_PIN_LNB_QRG1  		MEDIUMCONST    	0000	0000	0
		_PIN_LNB_QRG2  		MEDIUMCONST    	0000	0000	0
		_PIN_LED_LNB_GOOD		MEDIUMCONST    	0000	0000	0
		_PIN_LED_ADF_LOCK		MEDIUMCONST    	0000	0000	0
		_freq_table_27_OPT		MEDIUMCONST    	77D5	0000	41
		_PIN_LNB_FAULT 		MEDIUMCONST    	0000	0000	0
		_out_freq_table		MEDIUMCONST    	7753	0000	21
		_reg_set_univ  		MEDIUMCONST    	779B	0000	59
		__initialization		CODE           	59C4	0000	113
		_PIN_ADF_LOCK_DEF		MEDIUMCONST    	78F2	0000	6
		_PIN_SIO_DATA_DEF		MEDIUMCONST    	78E3	0000	6
		_PIN_SJ4       		MEDIUMCONST    	0000	0000	0
		_PIN_SJ4_DEF   		MEDIUMCONST    	788E	0000	6
		_PIN_LED0      		MEDIUMCONST    	776B	0000	3
		_PIN_LED1      		MEDIUMCONST    	7769	0000	3
		_PIN_LED2      		MEDIUMCONST    	7767	0000	3
		_PIN_LED3      		MEDIUMCONST    	776D	0000	3
		_PIN_SI5328_CS_CA		MEDIUMCONST    	0000	0000	0
		_PIN_LED0_DEF  		MEDIUMCONST    	0000	0000	0
		_PIN_LED1_DEF  		MEDIUMCONST    	0000	0000	0
		_PIN_LED2_DEF  		MEDIUMCONST    	0000	0000	0
		_PIN_LED3_DEF  		MEDIUMCONST    	0000	0000	0
		_PIN_USART_RX_DEF		MEDIUMCONST    	7898	0000	6
		_PIN_USART_TX_DEF		MEDIUMCONST    	789D	0000	6
		_PIN_LED_CPU_OK_DEF		MEDIUMCONST    	78C5	0000	6
		_PIN_LED_SI_LOCK_DEF		MEDIUMCONST    	78CF	0000	6
		_PIN_ADF_CE    		MEDIUMCONST    	0000	0000	0
		_PIN_ADF_LE    		MEDIUMCONST    	0000	0000	0
		_PIN_SIO_CLK   		MEDIUMCONST    	0000	0000	0
		_PIN_ADF_LOCK  		MEDIUMCONST    	0000	0000	0
		_PIN_SIO_DATA  		MEDIUMCONST    	0000	0000	0
		_PIN_LED_CPU_OK		MEDIUMCONST    	0000	0000	0
		_font8x8_basic 		MEDIUMCONST    	7427	0000	777
		_PIN_SJ3       		MEDIUMCONST    	0000	0000	0
		_gps_activate10MHz_payload		MEDIUMCONST    	0000	0000	0
		_PIN_SJ3_DEF   		MEDIUMCONST    	7893	0000	6
		_PIN_LED_LNB_GOOD_DEF		MEDIUMCONST    	78B1	0000	6
		_PIN_LNB_FAULT_DEF		MEDIUMCONST    	7875	0000	6
		_PIN_LED_ADF_LOCK_DEF		MEDIUMCONST    	78BB	0000	6
		_PIN_I2C_SDA   		MEDIUMCONST    	0000	0000	0
		_PIN_I2C_SCL   		MEDIUMCONST    	0000	0000	0
		_PIN_SJ6       		MEDIUMCONST    	0000	0000	0
		_PIN_SJ6_DEF   		MEDIUMCONST    	7884	0000	6
		_PIN_ADF_CE_DEF		MEDIUMCONST    	78ED	0000	6
		_PIN_ADF_LE_DEF		MEDIUMCONST    	78E8	0000	6
		_PIN_SI5328_LOL_DEF		MEDIUMCONST    	78D9	0000	6
		_PIN_USART_RX  		MEDIUMCONST    	0000	0000	0
		_PIN_USART_TX  		MEDIUMCONST    	0000	0000	0

shared estimated size: 1278

/opt/microchip/xc8/v2.10/pic/sources/c99/common/toupper.c
		_toupper       		CODE           	5D3E	0000	95

/opt/microchip/xc8/v2.10/pic/sources/c99/common/toupper.c estimated size: 95

src/driver/adf4351.c
		_adf4351_write_reg0		CODE           	4F98	0000	201
		_adf4351_write_reg1		CODE           	43FC	0000	269
		_adf4351_write_reg2		CODE           	14FC	0000	891
		_adf4351_write_reg3		CODE           	307E	0000	455
		_adf4351_write_reg4		CODE           	210C	0000	697
		_adf4351_write_reg5		CODE           	5944	0000	129
		_adf4351_default		CODE           	54B8	0000	167
		_adf4351_calc_rcnt_block		CODE           	1876	0000	741
		_gcd           		CODE           	47EA	0000	231
		_check_ADF5341_status		CODE           	46FE	0000	237
		_adf4351_calc_counters		CODE           	2676	0000	611
		_adf4351_write_latch		CODE           	2EB0	0000	463
		_adf4351_init  		CODE           	4D26	0000	217
		_adf4351_set_mode		CODE           	52A4	0000	187
		_adf4351_calc_vco_core_freq		CODE           	40B8	0000	285
		_adf4351_get_lock		CODE           	618A	0000	73
		_adf4351_set_tune		CODE           	5EAC	0000	89
		_adf4351_setup 		CODE           	6140	0000	75
		_adf4351_set_freq		CODE           	569C	0000	143

src/driver/adf4351.c estimated size: 6161

src/gps.c
		_send_UBX_string		CODE           	33EE	0000	413
		_rx_gps        		CODE           	2CD0	0000	481
		_init_gps      		CODE           	65E4	0000	29

src/gps.c estimated size: 923

/opt/microchip/xc8/v2.10/pic/sources/c99/common/isalpha.c
		_isalpha       		CODE           	6396	0000	61

/opt/microchip/xc8/v2.10/pic/sources/c99/common/isalpha.c estimated size: 61

/opt/microchip/xc8/v2.10/pic/sources/c99/common/isspace.c
		_isspace       		CODE           	6006	0000	83

/opt/microchip/xc8/v2.10/pic/sources/c99/common/isspace.c estimated size: 83

/opt/microchip/xc8/v2.10/pic/sources/c99/common/doprnt.c
		_vfpfcnvrt     		CODE           	0012	0000	2071
		_pad           		CODE           	5124	0000	195
		_dtoa          		CODE           	1B5A	0000	735
		_vfprintf      		CODE           	5CDC	0000	99
		_utoa          		CODE           	28D8	0000	513
		_xtoa          		CODE           	1E38	0000	725

/opt/microchip/xc8/v2.10/pic/sources/c99/common/doprnt.c estimated size: 4338

/opt/microchip/xc8/v2.10/pic/sources/c99/common/memcmp.c
		_memcmp        		CODE           	5602	0000	155

/opt/microchip/xc8/v2.10/pic/sources/c99/common/memcmp.c estimated size: 155

/opt/microchip/xc8/v2.10/pic/sources/c99/common/strncmp.c
		_strncmp       		CODE           	4A94	0000	223

/opt/microchip/xc8/v2.10/pic/sources/c99/common/strncmp.c estimated size: 223

/opt/microchip/xc8/v2.10/pic/sources/c99/common/memcpy.c
		_memcpy        		CODE           	6058	0000	81

/opt/microchip/xc8/v2.10/pic/sources/c99/common/memcpy.c estimated size: 81

/opt/microchip/xc8/v2.10/pic/sources/c99/common/__lldiv.c
		___lldiv       		CODE           	555E	0000	165

/opt/microchip/xc8/v2.10/pic/sources/c99/common/__lldiv.c estimated size: 165

/opt/microchip/xc8/v2.10/pic/sources/c99/common/Umul16.c
		___wmul        		CODE           	6576	0000	39

/opt/microchip/xc8/v2.10/pic/sources/c99/common/Umul16.c estimated size: 39

/opt/microchip/xc8/v2.10/pic/sources/c99/common/lomod.c
		___lomod       		CODE           	4DFE	0000	209

/opt/microchip/xc8/v2.10/pic/sources/c99/common/lomod.c estimated size: 209

/opt/microchip/xc8/v2.10/pic/sources/c99/common/isdigit.c
		_isdigit       		CODE           	64B4	0000	57

/opt/microchip/xc8/v2.10/pic/sources/c99/common/isdigit.c estimated size: 57

