Microchip MPLAB XC8 Compiler V2.10 ()

Linker command line:

-W-3 --edf=/opt/microchip/xc8/v2.10/pic/dat/en_msgs.txt -cs \
  -h+dist/release/production/amsat-dl-sdc.production.sym \
  --cmf=dist/release/production/amsat-dl-sdc.production.cmf -z -Q18F2520 \
  -o/tmp/xcXBjGOL1 --defsym=__MPLAB_BUILD=1 \
  -Mdist/release/production/amsat-dl-sdc.production.map -E1 -ver=XC8 \
  --acfsm=1493 -ASTACK=0480h-05FFh -pstack=STACK -ACODE=00h-07FFFh \
  -ACONST=00h-07FFFh -ASMALLCONST=0600h-06FFhx122 \
  -AMEDIUMCONST=0600h-07FFFh -ACOMRAM=01h-07Fh -AABS1=00h-05FFh \
  -ABIGRAM=01h-05FFh -ARAM=080h-0FFh,0100h-01FFhx5 -ABANK0=080h-0FFh \
  -ABANK1=0100h-01FFh -ABANK2=0200h-02FFh -ABANK3=0300h-03FFh \
  -ABANK4=0400h-04FFh -ABANK5=0500h-05FFh -ASFR=0F80h-0FFFh \
  -preset_vec=00h,intcode=08h,intcodelo,powerup,init -pramtop=0600h \
  -psmallconst=SMALLCONST -pmediumconst=MEDIUMCONST -pconst=CONST \
  -AFARRAM=00h-00h -ACONFIG=0300000h-030000Dh -pconfig=CONFIG \
  -AIDLOC=0200000h-0200007h -pidloc=IDLOC -AEEDATA=0F00000h-0F000FFh \
  -peeprom_data=EEDATA \
  -prdata=COMRAM,nvrram=COMRAM,nvbit=COMRAM,rbss=COMRAM,rbit=COMRAM \
  -pfarbss=FARRAM,fardata=FARRAM,nvFARRAM=FARRAM \
  -pintsave_regs=BIGRAM,bigbss=BIGRAM,bigdata=BIGRAM -pbss=RAM \
  -pidata=CODE,irdata=CODE,ibigdata=CODE,ifardata=CODE -prparam=COMRAM \
  /tmp/xcXCF0nsq.o dist/release/production/amsat-dl-sdc.production.o 

Object code version is 3.11

Machine type is 18F2520

Call graph: (short form)




                Name                               Link     Load   Length Selector   Space Scale
/tmp/xcXCF0nsq.o
                init                                  E        E        4        4       0
                reset_vec                             0        0        4        0       0
                idloc                            200000   200000        8   200000       0
                config                           300000   300000        E   300000       0
dist/release/production/amsat-dl-sdc.production.o
                intcode                               8        8        6        4       0
                temp                                 72       72        1        1       1
                mediumconst                        7728     7728      8D8     3B94       0
                text121                            6E8C     6E8C       44        4       0
                text120                            6B50     6B50       52        4       0
                intcode_body                       605C     605C       9A        4       0
                text118                            5DD6     5DD6       A6        4       0
                text117                            49E8     49E8      132        4       0
                text116                            5FBC     5FBC       A0        4       0
                text115                            3BF2     3BF2      1B6        4       0
                text114                            5904     5904       BA        4       0
                text113                            5078     5078       FC        4       0
                text112                            1E02     1E02      35A        4       0
                text111                            3DA8     3DA8      1B0        4       0
                text110                            2CF6     2CF6      29C        4       0
                text109                            6768     6768       74        4       0
                text108                            6D72     6D72       4A        4       0
                text107                            5F1C     5F1C       A0        4       0
                text106                            6D28     6D28       4A        4       0
                text105                            73B2     73B2       26        4       0
                text104                            72D2     72D2       30        4       0
                text103                            7012     7012       3E        4       0
                text102                            42AE     42AE      1A8        4       0
                text101                            4764     4764      148        4       0
                text100                            4B1A     4B1A      124        4       0
                text99                             7210     7210       32        4       0
                text98                             74EC     74EC        E     3A6F       0
                text97                             74B6     74B6       18     3A5B       0
                text96                             713C     713C       38        4       0
                text95                             6F12     6F12       42        4       0
                text94                             6224     6224       96        4       0
                text93                             31DA     31DA      242        4       0
                text92                             48AC     48AC      13C        4       0
                text91                             5C84     5C84       AA        4       0
                text90                             71AA     71AA       34        4       0
                text89                             72A2     72A2       30        4       0
                text88                             7272     7272       30        4       0
                text87                             6CDE     6CDE       4A        4       0
                text86                             341C     341C      22C        4       0
                text85                             1400     1400      5A4        4       0
                text84                             6C90     6C90       4E        4       0
                text83                             7460     7460       1E        4       0
                text82                             5838     5838       CC        4       0
                text81                             6DBC     6DBC       48        4       0
                text80                             634E     634E       92        4       0
                text79                             60F6     60F6       98        4       0
                text78                             657E     657E       82        4       0
                text77                             5A76     5A76       B4        4       0
                text76                             7330     7330       2E        4       0
                text75                             69B4     69B4       54        4       0
                text74                             3854     3854      1E4        4       0
                text73                             6BF2     6BF2       50        4       0
                text72                             6AFE     6AFE       52        4       0
                text71                             747E     747E       1C        4       0
                text70                             4E68     4E68      112        4       0
                text69                             690A     690A       56        4       0
                text68                             45FC     45FC      168        4       0
                text67                              88E      88E      5CE        4       0
                text66                             74FA     74FA        A     3A6F       0
                text65                             3A38     3A38      1BA        4       0
                text64                             735E     735E       2C        4       0
                text63                             7102     7102       3A        4       0
                text62                             738A     738A       28        4       0
                text61                             708C     708C       3C        4       0
                text60                             6C42     6C42       4E        4       0
                text59                             7242     7242       30        4       0
                text58                             7302     7302       2E        4       0
                text57                             7050     7050       3C        4       0
                text56                             6AAC     6AAC       52        4       0
                text55                             7442     7442       1E        4       0
                text54                             4D56     4D56      112        4       0
                text53                             63E0     63E0       90        4       0
                text52                             6ED0     6ED0       42        4       0
                text51                             73FC     73FC       24        4       0
                text50                             5B2A     5B2A       B0        4       0
                text49                             5174     5174       F0        4       0
                text48                             4F7A     4F7A       FE        4       0
                text47                             62BA     62BA       94        4       0
                text46                             6E48     6E48       44        4       0
                text45                             7174     7174       36        4       0
                text44                             68B4     68B4       56        4       0
                text43                             215C     215C      30A        4       0
                text42                             71DE     71DE       32        4       0
                text41                             2764     2764      2D0        4       0
                text40                             3648     3648      20C        4       0
                text39                             6BA2     6BA2       50        4       0
                text38                             73D8     73D8       24        4       0
                text37                             6E04     6E04       44        4       0
                text36                             7420     7420       22        4       0
                text35                             7504     7504        8     3A6F       0
                text34                             70C8     70C8       3A        4       0
                text33                             74DE     74DE        E     3A6F       0
                text32                             64FA     64FA       84        4       0
                text31                             67DC     67DC       70        4       0
                text30                             6600     6600       7A        4       0
                text29                             5D2E     5D2E       A8        4       0
                text28                             2F92     2F92      248        4       0
                text27                             6A5A     6A5A       52        4       0
                text26                             6F94     6F94       40        4       0
                text25                             576C     576C       CC        4       0
                text24                             569E     569E       CE        4       0
                text23                             6A08     6A08       52        4       0
                text22                             6470     6470       8A        4       0
                text21                             2466     2466      2FE        4       0
                text20                             6960     6960       54        4       0
                text19                             19A4     19A4      45E        4       0
                text18                             2A34     2A34      2C2        4       0
                text17                             4C3E     4C3E      118        4       0
                text16                             4456     4456      1A6        4       0
                text15                              E5C      E5C      5A4        4       0
                text14                             667A     667A       78        4       0
                text13                               12       12      87C        4       0
                text12                             3F58     3F58      1AC        4       0
                text11                             54F6     54F6       D6        4       0
                text10                             5420     5420       D6        4       0
                text9                              534A     534A       D6        4       0
                text8                              6F54     6F54       40        4       0
                text7                              6FD4     6FD4       3E        4       0
                text6                              59BE     59BE       B8        4       0
                text5                              66F2     66F2       76        4       0
                text4                              5BDA     5BDA       AA        4       0
                text3                              618E     618E       96        4       0
                text2                              55CC     55CC       D2        4       0
                text1                              684C     684C       68        4       0
                text0                              4104     4104      1AA        4       0
                cstackCOMRAM                          1        1       64        1       1
                cstackBANK0                          80       80       45       80       1
                cstackBANK1                         100      100       F8      100       1
                bssBANK4                            400      400       80      400       1
                dataBANK3                           3BE      3BE       1B      300       1
                bssBANK3                            300      300       BE      300       1
                dataBANK2                           200      200       A0      200       1
                bssBANK2                            2A0      2A0       54      200       1
                dataBANK1                           1FC      1FC        4      100       1
                bssBANK1                            1F8      1F8        4      100       1
                dataBANK0                            DA       DA        F       80       1
                bssBANK0                             C5       C5       15       80       1
                dataCOMRAM                           71       71        1        1       1
                bssCOMRAM                            65       65        C        1       1
                cinit                              5264     5264       E6        4       0
                idataBANK3                         749A     749A       1B        4       0
                idataBANK2                         5E7C     5E7C       A0        4       0
                idataBANK1                         750C     750C        4     3A6F       0
                idataBANK0                         74CE     74CE        F     3A5B       0
                idataCOMRAM                        7510     7510        1     3A6F       0

TOTAL           Name                               Link     Load   Length     Space
        CLASS   STACK          

        CLASS   CODE           
                intcode                               8        8        6         0
                init                                  E        E        4         0
                reset_vec                             0        0        4         0
                text121                            6E8C     6E8C       44         0
                text120                            6B50     6B50       52         0
                intcode_body                       605C     605C       9A         0
                text118                            5DD6     5DD6       A6         0
                text117                            49E8     49E8      132         0
                text116                            5FBC     5FBC       A0         0
                text115                            3BF2     3BF2      1B6         0
                text114                            5904     5904       BA         0
                text113                            5078     5078       FC         0
                text112                            1E02     1E02      35A         0
                text111                            3DA8     3DA8      1B0         0
                text110                            2CF6     2CF6      29C         0
                text109                            6768     6768       74         0
                text108                            6D72     6D72       4A         0
                text107                            5F1C     5F1C       A0         0
                text106                            6D28     6D28       4A         0
                text105                            73B2     73B2       26         0
                text104                            72D2     72D2       30         0
                text103                            7012     7012       3E         0
                text102                            42AE     42AE      1A8         0
                text101                            4764     4764      148         0
                text100                            4B1A     4B1A      124         0
                text99                             7210     7210       32         0
                text98                             74EC     74EC        E         0
                text97                             74B6     74B6       18         0
                text96                             713C     713C       38         0
                text95                             6F12     6F12       42         0
                text94                             6224     6224       96         0
                text93                             31DA     31DA      242         0
                text92                             48AC     48AC      13C         0
                text91                             5C84     5C84       AA         0
                text90                             71AA     71AA       34         0
                text89                             72A2     72A2       30         0
                text88                             7272     7272       30         0
                text87                             6CDE     6CDE       4A         0
                text86                             341C     341C      22C         0
                text85                             1400     1400      5A4         0
                text84                             6C90     6C90       4E         0
                text83                             7460     7460       1E         0
                text82                             5838     5838       CC         0
                text81                             6DBC     6DBC       48         0
                text80                             634E     634E       92         0
                text79                             60F6     60F6       98         0
                text78                             657E     657E       82         0
                text77                             5A76     5A76       B4         0
                text76                             7330     7330       2E         0
                text75                             69B4     69B4       54         0
                text74                             3854     3854      1E4         0
                text73                             6BF2     6BF2       50         0
                text72                             6AFE     6AFE       52         0
                text71                             747E     747E       1C         0
                text70                             4E68     4E68      112         0
                text69                             690A     690A       56         0
                text68                             45FC     45FC      168         0
                text67                              88E      88E      5CE         0
                text66                             74FA     74FA        A         0
                text65                             3A38     3A38      1BA         0
                text64                             735E     735E       2C         0
                text63                             7102     7102       3A         0
                text62                             738A     738A       28         0
                text61                             708C     708C       3C         0
                text60                             6C42     6C42       4E         0
                text59                             7242     7242       30         0
                text58                             7302     7302       2E         0
                text57                             7050     7050       3C         0
                text56                             6AAC     6AAC       52         0
                text55                             7442     7442       1E         0
                text54                             4D56     4D56      112         0
                text53                             63E0     63E0       90         0
                text52                             6ED0     6ED0       42         0
                text51                             73FC     73FC       24         0
                text50                             5B2A     5B2A       B0         0
                text49                             5174     5174       F0         0
                text48                             4F7A     4F7A       FE         0
                text47                             62BA     62BA       94         0
                text46                             6E48     6E48       44         0
                text45                             7174     7174       36         0
                text44                             68B4     68B4       56         0
                text43                             215C     215C      30A         0
                text42                             71DE     71DE       32         0
                text41                             2764     2764      2D0         0
                text40                             3648     3648      20C         0
                text39                             6BA2     6BA2       50         0
                text38                             73D8     73D8       24         0
                text37                             6E04     6E04       44         0
                text36                             7420     7420       22         0
                text35                             7504     7504        8         0
                text34                             70C8     70C8       3A         0
                text33                             74DE     74DE        E         0
                text32                             64FA     64FA       84         0
                text31                             67DC     67DC       70         0
                text30                             6600     6600       7A         0
                text29                             5D2E     5D2E       A8         0
                text28                             2F92     2F92      248         0
                text27                             6A5A     6A5A       52         0
                text26                             6F94     6F94       40         0
                text25                             576C     576C       CC         0
                text24                             569E     569E       CE         0
                text23                             6A08     6A08       52         0
                text22                             6470     6470       8A         0
                text21                             2466     2466      2FE         0
                text20                             6960     6960       54         0
                text19                             19A4     19A4      45E         0
                text18                             2A34     2A34      2C2         0
                text17                             4C3E     4C3E      118         0
                text16                             4456     4456      1A6         0
                text15                              E5C      E5C      5A4         0
                text14                             667A     667A       78         0
                text13                               12       12      87C         0
                text12                             3F58     3F58      1AC         0
                text11                             54F6     54F6       D6         0
                text10                             5420     5420       D6         0
                text9                              534A     534A       D6         0
                text8                              6F54     6F54       40         0
                text7                              6FD4     6FD4       3E         0
                text6                              59BE     59BE       B8         0
                text5                              66F2     66F2       76         0
                text4                              5BDA     5BDA       AA         0
                text3                              618E     618E       96         0
                text2                              55CC     55CC       D2         0
                text1                              684C     684C       68         0
                text0                              4104     4104      1AA         0
                cinit                              5264     5264       E6         0
                idataBANK3                         749A     749A       1B         0
                idataBANK2                         5E7C     5E7C       A0         0
                idataBANK1                         750C     750C        4         0
                idataBANK0                         74CE     74CE        F         0
                idataCOMRAM                        7510     7510        1         0

        CLASS   CONST          

        CLASS   SMALLCONST     

        CLASS   MEDIUMCONST    
                mediumconst                        7728     7728      8D8         0

        CLASS   COMRAM         
                temp                                 72       72        1         1
                cstackCOMRAM                          1        1       64         1
                dataCOMRAM                           71       71        1         1
                bssCOMRAM                            65       65        C         1

        CLASS   ABS1           

        CLASS   BIGRAM         

        CLASS   RAM            

        CLASS   BANK0          
                cstackBANK0                          80       80       45         1
                dataBANK0                            DA       DA        F         1
                bssBANK0                             C5       C5       15         1

        CLASS   BANK1          
                cstackBANK1                         100      100       F8         1
                dataBANK1                           1FC      1FC        4         1
                bssBANK1                            1F8      1F8        4         1

        CLASS   BANK2          
                dataBANK2                           200      200       A0         1
                bssBANK2                            2A0      2A0       54         1

        CLASS   BANK3          
                dataBANK3                           3BE      3BE       1B         1
                bssBANK3                            300      300       BE         1

        CLASS   BANK4          
                bssBANK4                            400      400       80         1

        CLASS   BANK5          

        CLASS   SFR            

        CLASS   FARRAM         

        CLASS   CONFIG         
                config                           300000   300000        E         0

        CLASS   IDLOC          
                idloc                            200000   200000        8         0

        CLASS   EEDATA         



SEGMENTS        Name                           Load    Length   Top    Selector   Space  Class

                reset_vec                      000000  000004  000004         0       0  CODE    
                cstackCOMRAM                   000001  000072  000073         1       1  COMRAM  
                intcode                        000008  0074AD  0074B5         4       0  CODE    
                cstackBANK0                    000080  000069  0000E9        80       1  BANK0   
                cstackBANK1                    000100  000100  000200       100       1  BANK1   
                dataBANK2                      000200  0000F4  0002F4       200       1  BANK2   
                bssBANK3                       000300  0000D9  0003D9       300       1  BANK3   
                bssBANK4                       000400  000080  000480       400       1  BANK4   
                text97                         0074B6  000027  0074DD      3A5B       0  CODE    
                text33                         0074DE  000033  007511      3A6F       0  CODE    
                mediumconst                    007728  0008D8  008000      3B94       0  MEDIUMCO
                idloc                          200000  000008  200008    200000       0  IDLOC   
                config                         300000  00000E  30000E    300000       0  CONFIG  


UNUSED ADDRESS RANGES

        Name                Unused          Largest block    Delta
        BANK0            0000E9-0000FF               17
        BANK2            0002F4-0002FF                C
        BANK3            0003D9-0003FF               27
        BANK4            000480-0004FF               80
        BANK5            000500-0005FF              100
        BIGRAM           000073-00007F                D
                         0000E9-0000FF               17
                         0002F4-0002FF                C
                         0003D9-0003FF               27
                         000480-0005FF              180
        CODE             000004-000007                4
                         0074B5-0074B5                1
                         0074DD-0074DD                1
                         007511-007727              217
        COMRAM           000073-00007F                D
        CONST            000004-000007                4
                         0074B5-0074B5                1
                         0074DD-0074DD                1
                         007511-007727              217
        EEDATA           F00000-F000FF              100
        MEDIUMCONST      0074B5-0074B5                1
                         0074DD-0074DD                1
                         007511-007727              217
        RAM              0000E9-0000FF               17
                         0002F4-0002FF                C
                         0003D9-0003FF               27
                         000480-0005FF               80
        SFR              000F80-000FFF               80
        SMALLCONST       0074B5-0074B5                1
                         0074DD-0074DD                1
                         007511-007727              100
        STACK            000480-0005FF              180

                                  Symbol Table

?_CalculateGridSquare             cstackCOMRAM 000027
?___aldiv                         cstackCOMRAM 00000E
?___aodiv                         cstackCOMRAM 00000E
?___aomod                         cstackCOMRAM 00000E
?___awdiv                         cstackCOMRAM 00000E
?___awmod                         cstackCOMRAM 00000E
?___lldiv                         cstackCOMRAM 00001A
?___lmul                          cstackCOMRAM 00000E
?___lodiv                         cstackCOMRAM 000026
?___lwdiv                         cstackCOMRAM 00000E
?___omul                          cstackCOMRAM 00000E
?___strtoxl                       cstackCOMRAM 00001C
?___wmul                          cstackCOMRAM 000015
?_abs                             cstackCOMRAM 000020
?_adf4351_get_lock                cstackCOMRAM 00000E
?_atoi                            cstackCOMRAM 00001B
?_calc_mixer_corr_value           cstackCOMRAM 000028
?_dtoa                            cstackCOMRAM 000028
?_getGPSfrequency                 cstackCOMRAM 00000E
?_i2c_probe_addr                  cstackCOMRAM 000055
?_i2c_read                        cstackCOMRAM 000012
?_i2c_start                       cstackCOMRAM 000012
?_i2c_transfer                    cstackCOMRAM 000050
?_i2c_transfer_native             cstackCOMRAM 000037
?_i2c_wait_int                    cstackCOMRAM 00000E
?_i2c_write                       cstackCOMRAM 000012
?_isalpha                         cstackCOMRAM 00000E
?_isdigit                         cstackCOMRAM 00000E
?_islower                         cstackCOMRAM 00000E
?_isspace                         cstackCOMRAM 00000E
?_isupper                         cstackCOMRAM 00000E
?_itoa                            cstackCOMRAM 00001A
?_memcmp                          cstackCOMRAM 00000E
?_pad                             cstackCOMRAM 00001A
?_printf                          cstackBANK0  000097
?_smbus8_read_byte                cstackCOMRAM 000055
?_smbus8_write_byte               cstackCOMRAM 000055
?_stoa                            cstackCOMRAM 000013
?_strchr                          cstackCOMRAM 00000E
?_strlen                          cstackCOMRAM 00000E
?_strncmp                         cstackCOMRAM 00000E
?_strtol                          cstackCOMRAM 000040
?_toupper                         cstackCOMRAM 000014
?_usart_getc                      cstackCOMRAM 00000E
?_vfpfcnvrt                       cstackCOMRAM 00004C
?_vfprintf                        cstackCOMRAM 00005D
?_xtoa                            cstackCOMRAM 000025
CalculateGridSquare@grid          bssBANK2     0002ED
CalculateGridSquare@lat           cstackCOMRAM 000055
CalculateGridSquare@lat_min       cstackCOMRAM 000059
CalculateGridSquare@latgf         cstackCOMRAM 000041
CalculateGridSquare@latm          cstackCOMRAM 00003D
CalculateGridSquare@latmid        cstackCOMRAM 000049
CalculateGridSquare@latrest1      cstackCOMRAM 000045
CalculateGridSquare@lon           cstackCOMRAM 00004D
CalculateGridSquare@lon_min       cstackCOMRAM 000051
CalculateGridSquare@longf         cstackCOMRAM 000031
CalculateGridSquare@lonm          cstackCOMRAM 00002D
CalculateGridSquare@lonmid        cstackCOMRAM 000039
CalculateGridSquare@lonrest1      cstackCOMRAM 000035
Eeprom_ReadByte@address           cstackCOMRAM 00000E
Eeprom_ReadByte@to                cstackCOMRAM 00000F
Eeprom_WriteByte@address          cstackCOMRAM 00000F
Eeprom_WriteByte@data             cstackCOMRAM 00000E
Eeprom_WriteByte@to               cstackCOMRAM 000010
_ADCON1bits                       (abs)        000FC1
_BAUDCONbits                      (abs)        000FB8
_CalculateGridSquare              text15       000E5C
_EEADR                            (abs)        000FA9
_EECON1bits                       (abs)        000FA6
_EECON2                           (abs)        000FA7
_EEDATA                           (abs)        000FA8
_Eeprom_ReadByte                  text36       007420
_Eeprom_WriteByte                 text34       0070C8
_GPS_fix                          bssBANK0     0000D6
_GPS_lat                          dataBANK2    00027F
_GPS_lock                         bssBANK0     0000D8
_GPS_lon                          dataBANK2    000270
_GPS_sat                          bssBANK0     0000D1
_GPS_time                         dataBANK2    000297
_INTCON2bits                      (abs)        000FF1
_INTCONbits                       (abs)        000FF2
_LNB_error                        bssBANK0     0000D9
_LNB_laststat                     dataBANK0    0000E7
_N1HS_reg25                       dataBANK2    000214
_N2HS_reg40                       dataBANK2    000216
_N2L_reg4142                      dataBANK1    0001FE
_N31_reg4445                      dataBANK0    0000DA
_N32_reg4748                      dataBANK2    000218
_NC1_LS_reg3233                   dataBANK1    0001FC
_NC2_LS_reg3536                   dataBANK2    000212
_OSCCON                           (abs)        000FD3
_OSCCONbits                       (abs)        000FD3
_OSCTUNE                          (abs)        000F9B
_PIE1                             (abs)        000F9D
_PIE1bits                         (abs)        000F9D
_PIE2                             (abs)        000FA0
_PIN_ADF_CE_DEF                   mediumconst  007BC3
_PIN_ADF_LE_DEF                   mediumconst  007BBE
_PIN_ADF_LOCK_DEF                 mediumconst  007BC8
_PIN_I2C_SCL_DEF                  mediumconst  007B7D
_PIN_I2C_SDA_DEF                  mediumconst  007B78
_PIN_LED0                         mediumconst  007A49
_PIN_LED1                         mediumconst  007A47
_PIN_LED2                         mediumconst  007A45
_PIN_LED3                         mediumconst  007A4B
_PIN_LED_ADF_LOCK_DEF             mediumconst  007B91
_PIN_LED_CPU_OK_DEF               mediumconst  007B9B
_PIN_LED_LNB_GOOD_DEF             mediumconst  007B87
_PIN_LED_SI_LOCK_DEF              mediumconst  007BA5
_PIN_LNB_FAULT_DEF                mediumconst  007B4B
_PIN_LNB_QRG1_DEF                 mediumconst  007B50
_PIN_LNB_QRG2_DEF                 mediumconst  007B55
_PIN_SI5328_CS_CA_DEF             mediumconst  007BAA
_PIN_SI5328_LOL_DEF               mediumconst  007BAF
_PIN_SIO_CLK_DEF                  mediumconst  007BB4
_PIN_SIO_DATA_DEF                 mediumconst  007BB9
_PIN_SJ3_DEF                      mediumconst  007B69
_PIN_SJ4_DEF                      mediumconst  007B64
_PIN_SJ5_DEF                      mediumconst  007B5F
_PIN_SJ6_DEF                      mediumconst  007B5A
_PIN_USART_RX_DEF                 mediumconst  007B6E
_PIN_USART_TX_DEF                 mediumconst  007B73
_PIR1bits                         (abs)        000F9E
_PIR2bits                         (abs)        000FA1
_PORTA                            (abs)        000F80
_PORTB                            (abs)        000F81
_PORTC                            (abs)        000F82
_RCONbits                         (abs)        000FD0
_RCREG                            (abs)        000FAE
_RCSTAbits                        (abs)        000FAB
_SPBRG                            (abs)        000FAF
_SPBRGH                           (abs)        000FB0
_SSPADD                           (abs)        000FC8
_SSPBUF                           (abs)        000FC9
_SSPCON1bits                      (abs)        000FC6
_SSPCON2bits                      (abs)        000FC5
_SSPSTATbits                      (abs)        000FC7
_T0CON                            (abs)        000FD5
_TMR0H                            (abs)        000FD7
_TMR0L                            (abs)        000FD6
_TRISA                            (abs)        000F92
_TRISB                            (abs)        000F93
_TRISC                            (abs)        000F94
_TXREG                            (abs)        000FAD
_TXSTAbits                        (abs)        000FAC
_WDTCON                           (abs)        000FD1
__CFG_BOREN$SBORDIS               (abs)        000000
__CFG_BORV$3                      (abs)        000000
__CFG_CCP2MX$PORTC                (abs)        000000
__CFG_CP0$OFF                     (abs)        000000
__CFG_CP1$OFF                     (abs)        000000
__CFG_CP2$OFF                     (abs)        000000
__CFG_CP3$OFF                     (abs)        000000
__CFG_CPB$OFF                     (abs)        000000
__CFG_CPD$OFF                     (abs)        000000
__CFG_EBTR0$OFF                   (abs)        000000
__CFG_EBTR1$OFF                   (abs)        000000
__CFG_EBTR2$OFF                   (abs)        000000
__CFG_EBTR3$OFF                   (abs)        000000
__CFG_EBTRB$OFF                   (abs)        000000
__CFG_FCMEN$OFF                   (abs)        000000
__CFG_IESO$OFF                    (abs)        000000
__CFG_LPT1OSC$OFF                 (abs)        000000
__CFG_LVP$OFF                     (abs)        000000
__CFG_MCLRE$OFF                   (abs)        000000
__CFG_OSC$INTIO67                 (abs)        000000
__CFG_PBADEN$OFF                  (abs)        000000
__CFG_PWRT$OFF                    (abs)        000000
__CFG_STVREN$ON                   (abs)        000000
__CFG_WDT$OFF                     (abs)        000000
__CFG_WDTPS$                      (abs)        000018
__CFG_WRT0$OFF                    (abs)        000000
__CFG_WRT1$OFF                    (abs)        000000
__CFG_WRT2$OFF                    (abs)        000000
__CFG_WRT3$OFF                    (abs)        000000
__CFG_WRTB$OFF                    (abs)        000000
__CFG_WRTC$OFF                    (abs)        000000
__CFG_WRTD$OFF                    (abs)        000000
__CFG_XINST$OFF                   (abs)        000000
__HRAM                            (abs)        000000
__Habs1                           abs1         000000
__Hbank0                          bank0        000000
__Hbank1                          bank1        000000
__Hbank2                          bank2        000000
__Hbank3                          bank3        000000
__Hbank4                          bank4        000000
__Hbank5                          bank5        000000
__Hbigbss                         bigbss       000000
__Hbigdata                        bigdata      000000
__Hbigram                         bigram       000000
__Hbss                            bss          000000
__HbssBANK0                       bssBANK0     000000
__HbssBANK1                       bssBANK1     000000
__HbssBANK2                       bssBANK2     000000
__HbssBANK3                       bssBANK3     000000
__HbssBANK4                       bssBANK4     000000
__HbssCOMRAM                      bssCOMRAM    000000
__Hcinit                          cinit        000000
__Hclrtext                        clrtext      000000
__Hcomram                         comram       000000
__Hconfig                         config       30000E
__Hconst                          const        000000
__HcstackBANK0                    cstackBANK0  000000
__HcstackBANK1                    cstackBANK1  000000
__HcstackCOMRAM                   cstackCOMRAM 000000
__Hdata                           data         000000
__HdataBANK0                      dataBANK0    000000
__HdataBANK1                      dataBANK1    000000
__HdataBANK2                      dataBANK2    000000
__HdataBANK3                      dataBANK3    000000
__HdataCOMRAM                     dataCOMRAM   000000
__Heeprom_data                    eeprom_data  000000
__Hfarbss                         farbss       000000
__Hfardata                        fardata      000000
__Hibigdata                       ibigdata     000000
__Hidata                          idata        000000
__HidataBANK0                     idataBANK0   000000
__HidataBANK1                     idataBANK1   000000
__HidataBANK2                     idataBANK2   000000
__HidataBANK3                     idataBANK3   000000
__HidataCOMRAM                    idataCOMRAM  000000
__Hidloc                          idloc        200008
__Hifardata                       ifardata     000000
__Hinit                           init         000012
__Hintcode                        intcode      00000E
__Hintcode_body                   intcode_body 000000
__Hintcodelo                      intcodelo    00000E
__Hintentry                       intentry     000000
__Hintret                         intret       000000
__Hintsave_regs                   intsave_regs 000000
__Hirdata                         irdata       000000
__Hmediumconst                    mediumconst  008000
__HnvFARRAM                       nvFARRAM     000000
__Hnvbit                          nvbit        000000
__Hnvrram                         nvrram       000000
__Hparam                          rparam       000000
__Hpowerup                        powerup      00000E
__Hram                            ram          000000
__Hramtop                         ramtop       000600
__Hrbit                           rbit         000000
__Hrbss                           rbss         000000
__Hrdata                          rdata        000000
__Hreset_vec                      reset_vec    000004
__Hrparam                         rparam       000000
__Hsfr                            sfr          000000
__Hsmallconst                     smallconst   000000
__Hspace_0                        (abs)        30000E
__Hspace_1                        (abs)        000480
__Hspace_2                        (abs)        000000
__Hstack                          stack        000000
__Hstruct                         struct       000000
__Htemp                           temp         000073
__Htext                           text         000000
__Htext0                          text0        000000
__Htext1                          text1        000000
__Htext10                         text10       000000
__Htext100                        text100      000000
__Htext101                        text101      000000
__Htext102                        text102      000000
__Htext103                        text103      000000
__Htext104                        text104      000000
__Htext105                        text105      000000
__Htext106                        text106      000000
__Htext107                        text107      000000
__Htext108                        text108      000000
__Htext109                        text109      000000
__Htext11                         text11       000000
__Htext110                        text110      000000
__Htext111                        text111      000000
__Htext112                        text112      000000
__Htext113                        text113      000000
__Htext114                        text114      000000
__Htext115                        text115      000000
__Htext116                        text116      000000
__Htext117                        text117      000000
__Htext118                        text118      000000
__Htext12                         text12       000000
__Htext120                        text120      000000
__Htext121                        text121      000000
__Htext122                        text122      000000
__Htext13                         text13       000000
__Htext14                         text14       000000
__Htext15                         text15       000000
__Htext16                         text16       000000
__Htext17                         text17       000000
__Htext18                         text18       000000
__Htext19                         text19       000000
__Htext2                          text2        000000
__Htext20                         text20       000000
__Htext21                         text21       000000
__Htext22                         text22       000000
__Htext23                         text23       000000
__Htext24                         text24       000000
__Htext25                         text25       000000
__Htext26                         text26       000000
__Htext27                         text27       000000
__Htext28                         text28       000000
__Htext29                         text29       000000
__Htext3                          text3        000000
__Htext30                         text30       000000
__Htext31                         text31       000000
__Htext32                         text32       000000
__Htext33                         text33       000000
__Htext34                         text34       000000
__Htext35                         text35       000000
__Htext36                         text36       000000
__Htext37                         text37       000000
__Htext38                         text38       000000
__Htext39                         text39       000000
__Htext4                          text4        000000
__Htext40                         text40       000000
__Htext41                         text41       000000
__Htext42                         text42       000000
__Htext43                         text43       000000
__Htext44                         text44       000000
__Htext45                         text45       000000
__Htext46                         text46       000000
__Htext47                         text47       000000
__Htext48                         text48       000000
__Htext49                         text49       000000
__Htext5                          text5        000000
__Htext50                         text50       000000
__Htext51                         text51       000000
__Htext52                         text52       000000
__Htext53                         text53       000000
__Htext54                         text54       000000
__Htext55                         text55       000000
__Htext56                         text56       000000
__Htext57                         text57       000000
__Htext58                         text58       000000
__Htext59                         text59       000000
__Htext6                          text6        000000
__Htext60                         text60       000000
__Htext61                         text61       000000
__Htext62                         text62       000000
__Htext63                         text63       000000
__Htext64                         text64       000000
__Htext65                         text65       000000
__Htext66                         text66       000000
__Htext67                         text67       000000
__Htext68                         text68       000000
__Htext69                         text69       000000
__Htext7                          text7        000000
__Htext70                         text70       000000
__Htext71                         text71       000000
__Htext72                         text72       000000
__Htext73                         text73       000000
__Htext74                         text74       000000
__Htext75                         text75       000000
__Htext76                         text76       000000
__Htext77                         text77       000000
__Htext78                         text78       000000
__Htext79                         text79       000000
__Htext8                          text8        000000
__Htext80                         text80       000000
__Htext81                         text81       000000
__Htext82                         text82       000000
__Htext83                         text83       000000
__Htext84                         text84       000000
__Htext85                         text85       000000
__Htext86                         text86       000000
__Htext87                         text87       000000
__Htext88                         text88       000000
__Htext89                         text89       000000
__Htext9                          text9        000000
__Htext90                         text90       000000
__Htext91                         text91       000000
__Htext92                         text92       000000
__Htext93                         text93       000000
__Htext94                         text94       000000
__Htext95                         text95       000000
__Htext96                         text96       000000
__Htext97                         text97       000000
__Htext98                         text98       000000
__Htext99                         text99       000000
__LRAM                            (abs)        000001
__Labs1                           abs1         000000
__Lbank0                          bank0        000000
__Lbank1                          bank1        000000
__Lbank2                          bank2        000000
__Lbank3                          bank3        000000
__Lbank4                          bank4        000000
__Lbank5                          bank5        000000
__Lbigbss                         bigbss       000000
__Lbigdata                        bigdata      000000
__Lbigram                         bigram       000000
__Lbss                            bss          000000
__LbssBANK0                       bssBANK0     000000
__LbssBANK1                       bssBANK1     000000
__LbssBANK2                       bssBANK2     000000
__LbssBANK3                       bssBANK3     000000
__LbssBANK4                       bssBANK4     000000
__LbssCOMRAM                      bssCOMRAM    000000
__Lcinit                          cinit        000000
__Lclrtext                        clrtext      000000
__Lcomram                         comram       000000
__Lconfig                         config       300000
__Lconst                          const        000000
__LcstackBANK0                    cstackBANK0  000000
__LcstackBANK1                    cstackBANK1  000000
__LcstackCOMRAM                   cstackCOMRAM 000000
__Ldata                           data         000000
__LdataBANK0                      dataBANK0    000000
__LdataBANK1                      dataBANK1    000000
__LdataBANK2                      dataBANK2    000000
__LdataBANK3                      dataBANK3    000000
__LdataCOMRAM                     dataCOMRAM   000000
__Leeprom_data                    eeprom_data  000000
__Lfarbss                         farbss       000000
__Lfardata                        fardata      000000
__Libigdata                       ibigdata     000000
__Lidata                          idata        000000
__LidataBANK0                     idataBANK0   000000
__LidataBANK1                     idataBANK1   000000
__LidataBANK2                     idataBANK2   000000
__LidataBANK3                     idataBANK3   000000
__LidataCOMRAM                    idataCOMRAM  000000
__Lidloc                          idloc        200000
__Lifardata                       ifardata     000000
__Linit                           init         00000E
__Lintcode                        intcode      000008
__Lintcode_body                   intcode_body 000000
__Lintcodelo                      intcodelo    00000E
__Lintentry                       intentry     000000
__Lintret                         intret       000000
__Lintsave_regs                   intsave_regs 000000
__Lirdata                         irdata       000000
__Lmediumconst                    mediumconst  007728
__LnvFARRAM                       nvFARRAM     000000
__Lnvbit                          nvbit        000000
__Lnvrram                         nvrram       000000
__Lparam                          rparam       000000
__Lpowerup                        powerup      00000E
__Lram                            ram          000000
__Lramtop                         ramtop       000600
__Lrbit                           rbit         000000
__Lrbss                           rbss         000000
__Lrdata                          rdata        000000
__Lreset_vec                      reset_vec    000000
__Lrparam                         rparam       000000
__Lsfr                            sfr          000000
__Lsmallconst                     smallconst   000000
__Lspace_0                        (abs)        000000
__Lspace_1                        (abs)        000000
__Lspace_2                        (abs)        000000
__Lstack                          stack        000000
__Lstruct                         struct       000000
__Ltemp                           temp         000072
__Ltext                           text         000000
__Ltext0                          text0        000000
__Ltext1                          text1        000000
__Ltext10                         text10       000000
__Ltext100                        text100      000000
__Ltext101                        text101      000000
__Ltext102                        text102      000000
__Ltext103                        text103      000000
__Ltext104                        text104      000000
__Ltext105                        text105      000000
__Ltext106                        text106      000000
__Ltext107                        text107      000000
__Ltext108                        text108      000000
__Ltext109                        text109      000000
__Ltext11                         text11       000000
__Ltext110                        text110      000000
__Ltext111                        text111      000000
__Ltext112                        text112      000000
__Ltext113                        text113      000000
__Ltext114                        text114      000000
__Ltext115                        text115      000000
__Ltext116                        text116      000000
__Ltext117                        text117      000000
__Ltext118                        text118      000000
__Ltext12                         text12       000000
__Ltext120                        text120      000000
__Ltext121                        text121      000000
__Ltext122                        text122      000000
__Ltext13                         text13       000000
__Ltext14                         text14       000000
__Ltext15                         text15       000000
__Ltext16                         text16       000000
__Ltext17                         text17       000000
__Ltext18                         text18       000000
__Ltext19                         text19       000000
__Ltext2                          text2        000000
__Ltext20                         text20       000000
__Ltext21                         text21       000000
__Ltext22                         text22       000000
__Ltext23                         text23       000000
__Ltext24                         text24       000000
__Ltext25                         text25       000000
__Ltext26                         text26       000000
__Ltext27                         text27       000000
__Ltext28                         text28       000000
__Ltext29                         text29       000000
__Ltext3                          text3        000000
__Ltext30                         text30       000000
__Ltext31                         text31       000000
__Ltext32                         text32       000000
__Ltext33                         text33       000000
__Ltext34                         text34       000000
__Ltext35                         text35       000000
__Ltext36                         text36       000000
__Ltext37                         text37       000000
__Ltext38                         text38       000000
__Ltext39                         text39       000000
__Ltext4                          text4        000000
__Ltext40                         text40       000000
__Ltext41                         text41       000000
__Ltext42                         text42       000000
__Ltext43                         text43       000000
__Ltext44                         text44       000000
__Ltext45                         text45       000000
__Ltext46                         text46       000000
__Ltext47                         text47       000000
__Ltext48                         text48       000000
__Ltext49                         text49       000000
__Ltext5                          text5        000000
__Ltext50                         text50       000000
__Ltext51                         text51       000000
__Ltext52                         text52       000000
__Ltext53                         text53       000000
__Ltext54                         text54       000000
__Ltext55                         text55       000000
__Ltext56                         text56       000000
__Ltext57                         text57       000000
__Ltext58                         text58       000000
__Ltext59                         text59       000000
__Ltext6                          text6        000000
__Ltext60                         text60       000000
__Ltext61                         text61       000000
__Ltext62                         text62       000000
__Ltext63                         text63       000000
__Ltext64                         text64       000000
__Ltext65                         text65       000000
__Ltext66                         text66       000000
__Ltext67                         text67       000000
__Ltext68                         text68       000000
__Ltext69                         text69       000000
__Ltext7                          text7        000000
__Ltext70                         text70       000000
__Ltext71                         text71       000000
__Ltext72                         text72       000000
__Ltext73                         text73       000000
__Ltext74                         text74       000000
__Ltext75                         text75       000000
__Ltext76                         text76       000000
__Ltext77                         text77       000000
__Ltext78                         text78       000000
__Ltext79                         text79       000000
__Ltext8                          text8        000000
__Ltext80                         text80       000000
__Ltext81                         text81       000000
__Ltext82                         text82       000000
__Ltext83                         text83       000000
__Ltext84                         text84       000000
__Ltext85                         text85       000000
__Ltext86                         text86       000000
__Ltext87                         text87       000000
__Ltext88                         text88       000000
__Ltext89                         text89       000000
__Ltext9                          text9        000000
__Ltext90                         text90       000000
__Ltext91                         text91       000000
__Ltext92                         text92       000000
__Ltext93                         text93       000000
__Ltext94                         text94       000000
__Ltext95                         text95       000000
__Ltext96                         text96       000000
__Ltext97                         text97       000000
__Ltext98                         text98       000000
__Ltext99                         text99       000000
__S0                              (abs)        30000E
__S1                              (abs)        000480
__S2                              (abs)        000000
___aldiv                          text25       00576C
___aldiv@counter                  cstackCOMRAM 000016
___aldiv@dividend                 cstackCOMRAM 00000E
___aldiv@divisor                  cstackCOMRAM 000012
___aldiv@quotient                 cstackCOMRAM 000018
___aldiv@sign                     cstackCOMRAM 000017
___aodiv                          text101      004764
___aodiv@counter                  cstackCOMRAM 00001E
___aodiv@dividend                 cstackCOMRAM 00000E
___aodiv@divisor                  cstackCOMRAM 000016
___aodiv@quotient                 cstackCOMRAM 000020
___aodiv@sign                     cstackCOMRAM 00001F
___aomod                          text100      004B1A
___aomod@counter                  cstackCOMRAM 00001E
___aomod@dividend                 cstackCOMRAM 00000E
___aomod@divisor                  cstackCOMRAM 000016
___aomod@sign                     cstackCOMRAM 00001F
___awdiv                          text32       0064FA
___awdiv@counter                  cstackCOMRAM 000012
___awdiv@dividend                 cstackCOMRAM 00000E
___awdiv@divisor                  cstackCOMRAM 000010
___awdiv@quotient                 cstackCOMRAM 000014
___awdiv@sign                     cstackCOMRAM 000013
___awmod                          text31       0067DC
___awmod@counter                  cstackCOMRAM 000012
___awmod@dividend                 cstackCOMRAM 00000E
___awmod@divisor                  cstackCOMRAM 000010
___awmod@sign                     cstackCOMRAM 000013
___inthi_sp                       stack        000000
___intlo_sp                       stack        000000
___lldiv                          text78       00657E
___lldiv@counter                  cstackCOMRAM 000026
___lldiv@dividend                 cstackCOMRAM 00001A
___lldiv@divisor                  cstackCOMRAM 00001E
___lldiv@quotient                 cstackCOMRAM 000022
___lmul                           text44       0068B4
___lmul@multiplicand              cstackCOMRAM 000012
___lmul@multiplier                cstackCOMRAM 00000E
___lmul@product                   cstackCOMRAM 000016
___lodiv                          text24       00569E
___lodiv@counter                  cstackCOMRAM 00003E
___lodiv@dividend                 cstackCOMRAM 000026
___lodiv@divisor                  cstackCOMRAM 00002E
___lodiv@quotient                 cstackCOMRAM 000036
___lwdiv                          text23       006A08
___lwdiv@counter                  cstackCOMRAM 000014
___lwdiv@dividend                 cstackCOMRAM 00000E
___lwdiv@divisor                  cstackCOMRAM 000010
___lwdiv@quotient                 cstackCOMRAM 000012
___omul                           text22       006470
___omul@multiplicand              cstackCOMRAM 000016
___omul@multiplier                cstackCOMRAM 00000E
___omul@product                   cstackCOMRAM 00001E
___param_bank                     (abs)        000000
___rparam_used                    (abs)        000001
___sp                             stack        000000
___strtoxl                        text43       00215C
___strtoxl$3744                   cstackCOMRAM 00002B
___strtoxl$3745                   cstackCOMRAM 000031
___strtoxl$3746                   cstackCOMRAM 00002D
___strtoxl$3747                   cstackCOMRAM 00002F
___strtoxl@a                      cstackCOMRAM 000039
___strtoxl@base                   cstackCOMRAM 000020
___strtoxl@c                      cstackCOMRAM 00003F
___strtoxl@conv_done              cstackCOMRAM 000032
___strtoxl@cp                     cstackCOMRAM 00003D
___strtoxl@endptr                 cstackCOMRAM 00001E
___strtoxl@is_signed              cstackCOMRAM 000022
___strtoxl@limit                  cstackCOMRAM 000033
___strtoxl@prev_a                 cstackCOMRAM 000027
___strtoxl@s                      cstackCOMRAM 00001C
___strtoxl@sign                   cstackCOMRAM 000037
___strtoxl@skip                   cstackCOMRAM 000038
___wmul                           text105      0073B2
___wmul@multiplicand              cstackCOMRAM 000017
___wmul@multiplier                cstackCOMRAM 000015
___wmul@product                   cstackCOMRAM 000019
__accesstop                       (abs)        000080
__activetblptr                    (abs)        000002
__end_of_CalculateGridSquare      text15       001400
__end_of_Eeprom_ReadByte          text36       007442
__end_of_Eeprom_WriteByte         text34       007102
__end_of_PIN_ADF_CE               mediumconst  007A77
__end_of_PIN_ADF_CE_DEF           mediumconst  007BC8
__end_of_PIN_ADF_LE               mediumconst  007A79
__end_of_PIN_ADF_LE_DEF           mediumconst  007BC3
__end_of_PIN_ADF_LOCK             mediumconst  007A75
__end_of_PIN_ADF_LOCK_DEF         mediumconst  007BCD
__end_of_PIN_I2C_SCL              mediumconst  007A61
__end_of_PIN_I2C_SCL_DEF          mediumconst  007B82
__end_of_PIN_I2C_SDA              mediumconst  007A5F
__end_of_PIN_I2C_SDA_DEF          mediumconst  007B7D
__end_of_PIN_LED0                 mediumconst  007A4B
__end_of_PIN_LED0_DEF             mediumconst  007B9B
__end_of_PIN_LED1                 mediumconst  007A49
__end_of_PIN_LED1_DEF             mediumconst  007B91
__end_of_PIN_LED2                 mediumconst  007A47
__end_of_PIN_LED2_DEF             mediumconst  007B87
__end_of_PIN_LED3                 mediumconst  007A4D
__end_of_PIN_LED3_DEF             mediumconst  007BA5
__end_of_PIN_LED_ADF_LOCK         mediumconst  007A73
__end_of_PIN_LED_ADF_LOCK_DEF     mediumconst  007B96
__end_of_PIN_LED_CPU_OK           mediumconst  007A63
__end_of_PIN_LED_CPU_OK_DEF       mediumconst  007BA0
__end_of_PIN_LED_LNB_GOOD         mediumconst  007A6B
__end_of_PIN_LED_LNB_GOOD_DEF     mediumconst  007B8C
__end_of_PIN_LED_SI_LOCK          mediumconst  007A67
__end_of_PIN_LED_SI_LOCK_DEF      mediumconst  007BAA
__end_of_PIN_LNB_FAULT            mediumconst  007A6D
__end_of_PIN_LNB_FAULT_DEF        mediumconst  007B50
__end_of_PIN_LNB_QRG1             mediumconst  007A53
__end_of_PIN_LNB_QRG1_DEF         mediumconst  007B55
__end_of_PIN_LNB_QRG2             mediumconst  007A55
__end_of_PIN_LNB_QRG2_DEF         mediumconst  007B5A
__end_of_PIN_SI5328_CS_CA         mediumconst  007A65
__end_of_PIN_SI5328_CS_CA_DEF     mediumconst  007BAF
__end_of_PIN_SI5328_LOL           mediumconst  007A69
__end_of_PIN_SI5328_LOL_DEF       mediumconst  007BB4
__end_of_PIN_SIO_CLK              mediumconst  007A71
__end_of_PIN_SIO_CLK_DEF          mediumconst  007BB9
__end_of_PIN_SIO_DATA             mediumconst  007A6F
__end_of_PIN_SIO_DATA_DEF         mediumconst  007BBE
__end_of_PIN_SJ3                  mediumconst  007A5D
__end_of_PIN_SJ3_DEF              mediumconst  007B6E
__end_of_PIN_SJ4                  mediumconst  007A5B
__end_of_PIN_SJ4_DEF              mediumconst  007B69
__end_of_PIN_SJ5                  mediumconst  007A59
__end_of_PIN_SJ5_DEF              mediumconst  007B64
__end_of_PIN_SJ6                  mediumconst  007A57
__end_of_PIN_SJ6_DEF              mediumconst  007B5F
__end_of_PIN_USART_RX             mediumconst  007A4F
__end_of_PIN_USART_RX_DEF         mediumconst  007B73
__end_of_PIN_USART_TX             mediumconst  007A51
__end_of_PIN_USART_TX_DEF         mediumconst  007B78
__end_of___aldiv                  text25       005838
__end_of___aodiv                  text101      0048AC
__end_of___aomod                  text100      004C3E
__end_of___awdiv                  text32       00657E
__end_of___awmod                  text31       00684C
__end_of___lldiv                  text78       006600
__end_of___lmul                   text44       00690A
__end_of___lodiv                  text24       00576C
__end_of___lwdiv                  text23       006A5A
__end_of___omul                   text22       0064FA
__end_of___strtoxl                text43       002466
__end_of___wmul                   text105      0073D8
__end_of__initialization          cinit        00533C
__end_of_abs                      text99       007242
__end_of_adf4351_calc_counters    text21       002764
__end_of_adf4351_default          text118      005E7C
__end_of_adf4351_get_lock         text26       006FD4
__end_of_adf4351_init             text116      00605C
__end_of_adf4351_set_freq         text18       002CF6
__end_of_adf4351_set_mode         text107      005FBC
__end_of_adf4351_set_tune         text106      006D72
__end_of_adf4351_setup            text108      006DBC
__end_of_adf4351_write_latch      text115      003DA8
__end_of_adf4351_write_reg0       text114      0059BE
__end_of_adf4351_write_reg1       text113      005174
__end_of_adf4351_write_reg2       text112      00215C
__end_of_adf4351_write_reg3       text111      003F58
__end_of_adf4351_write_reg4       text110      002F92
__end_of_adf4351_write_reg5       text109      0067DC
__end_of_atoi                     text102      004456
__end_of_calc_mixer_corr_value    text19       001E02
__end_of_check_ADF5341_status     text82       005904
__end_of_check_LNB_status         text49       005264
__end_of_check_RXTX               text68       004764
__end_of_check_si5328_status      text70       004F7A
__end_of_clear_GPS_shift          text37       006E48
__end_of_dtoa                     text93       00341C
__end_of_eeprom_getmode           text35       00750C
__end_of_eeprom_setmode           text33       0074EC
__end_of_eval_gps                 text41       002A34
__end_of_font8x8_basic            mediumconst  007A31
__end_of_fputc                    text97       0074CE
__end_of_fputs                    text96       007174
__end_of_freq_table_25_24         mediumconst  007B19
__end_of_freq_table_25_25         mediumconst  007AF1
__end_of_freq_table_27_26         mediumconst  007AC9
__end_of_freq_table_27_OPT        mediumconst  007AA1
__end_of_getGPSfrequency          text20       0069B4
__end_of_global_irq_handler       intcode_body 0060F6
__end_of_i2c_native_init          text69       006960
__end_of_i2c_probe_addr           text61       0070C8
__end_of_i2c_read                 text80       0063E0
__end_of_i2c_reset                text77       005B2A
__end_of_i2c_start                text79       00618E
__end_of_i2c_stop                 text76       00735E
__end_of_i2c_transfer             text73       006C42
__end_of_i2c_transfer_native      text74       003A38
__end_of_i2c_wait_int             text81       006E04
__end_of_i2c_write                text75       006A08
__end_of_init_gpios               text67       000E5C
__end_of_init_gps                 text64       00738A
__end_of_init_timer               text62       0073B2
__end_of_irq_set_handler          text63       00713C
__end_of_isalpha                  text90       0071DE
__end_of_isdigit                  text104      007302
__end_of_islower                  text88       0072A2
__end_of_isspace                  text103      007050
__end_of_isupper                  text89       0072D2
__end_of_itoa                     text30       00667A
__end_of_lcd_clear_screen         text56       006AFE
__end_of_lcd_draw8x8              text55       007460
__end_of_lcd_init                 text50       005BDA
__end_of_lcd_settingsOK           text29       005DD6
__end_of_lnb_configure            text47       00634E
__end_of_lnb_do_configure         text48       005078
__end_of_main                     text0        0042AE
__end_of_memcmp                   text14       0066F2
__end_of_memcpy                   text46       006E8C
__end_of_memset                   text117      004B1A
__end_of_out_freq_table           mediumconst  007A45
__end_of_pad                      text94       0062BA
__end_of_print_char               text54       004E68
__end_of_print_string             text53       006470
__end_of_printf                   text83       00747E
__end_of_putgps                   text66       007504
__end_of_read_reg                 text71       00749A
__end_of_read_switch              text17       004D56
__end_of_reg_set_univ_CKIN1_GPS   mediumconst  007B33
__end_of_reg_set_univ_CKIN2_XAXB  mediumconst  007B4B
__end_of_rx_gps                   text40       003854
__end_of_rx_usart                 text38       0073FC
__end_of_secret_settings          text27       006AAC
__end_of_secret_settings_write    text28       0031DA
__end_of_send_UBX_string          text65       003BF2
__end_of_setADF4351frequency      text16       0045FC
__end_of_setQRG                   text4        005C84
__end_of_set_reg                  text12       004104
__end_of_set_reg24                text11       0055CC
__end_of_set_reg25                text10       0054F6
__end_of_set_reg26                text9        005420
__end_of_set_reg27                text8        006F94
__end_of_show_display             text13       00088E
__end_of_si5328_checkGPS          text3        006224
__end_of_si5328_init              text2        00569E
__end_of_si5328_perform_ical      text7        007012
__end_of_si5328_set_freq          text5        006768
__end_of_smbus8_read_byte         text72       006B50
__end_of_smbus8_write_byte        text52       006F12
__end_of_smbus8_write_data        text60       006C90
__end_of_ssd1306_command          text58       007330
__end_of_ssd1306_commandbyte      text51       007420
__end_of_ssd1306_data             text59       007272
__end_of_ssd1306_setpos           text57       00708C
__end_of_stoa                     text92       0049E8
__end_of_strchr                   text45       0071AA
__end_of_strlen                   text95       006F54
__end_of_strncmp                  text91       005D2E
__end_of_strtol                   text42       007210
__end_of_t0_irq                   text121      006ED0
__end_of_toupper                  text87       006D28
__end_of_usart_getc               text39       006BF2
__end_of_usart_init               text1        0068B4
__end_of_usart_putc               text98       0074FA
__end_of_usart_rx_irq_handler     text120      006BA2
__end_of_vfpfcnvrt                text85       0019A4
__end_of_vfprintf                 text84       006CDE
__end_of_write_regset             text6        005A76
__end_of_xtoa                     text86       003648
__initialization                  cinit        005264
__mediumconst                     mediumconst  007728
__pbssBANK0                       bssBANK0     0000C5
__pbssBANK1                       bssBANK1     0001F8
__pbssBANK2                       bssBANK2     0002A0
__pbssBANK3                       bssBANK3     000300
__pbssBANK4                       bssBANK4     000400
__pbssCOMRAM                      bssCOMRAM    000065
__pcinit                          cinit        005264
__pcstackBANK0                    cstackBANK0  000080
__pcstackBANK1                    cstackBANK1  000100
__pcstackCOMRAM                   cstackCOMRAM 000001
__pdataBANK0                      dataBANK0    0000DA
__pdataBANK1                      dataBANK1    0001FC
__pdataBANK2                      dataBANK2    000200
__pdataBANK3                      dataBANK3    0003BE
__pdataCOMRAM                     dataCOMRAM   000071
__pidataBANK0                     idataBANK0   0074CE
__pidataBANK1                     idataBANK1   00750C
__pidataBANK2                     idataBANK2   005E7C
__pidataBANK3                     idataBANK3   00749A
__pidataCOMRAM                    idataCOMRAM  007510
__pintcode                        intcode      000008
__pintcode_body                   intcode_body 00605C
__pmediumconst                    mediumconst  007728
__ptext0                          text0        004104
__ptext1                          text1        00684C
__ptext10                         text10       005420
__ptext100                        text100      004B1A
__ptext101                        text101      004764
__ptext102                        text102      0042AE
__ptext103                        text103      007012
__ptext104                        text104      0072D2
__ptext105                        text105      0073B2
__ptext106                        text106      006D28
__ptext107                        text107      005F1C
__ptext108                        text108      006D72
__ptext109                        text109      006768
__ptext11                         text11       0054F6
__ptext110                        text110      002CF6
__ptext111                        text111      003DA8
__ptext112                        text112      001E02
__ptext113                        text113      005078
__ptext114                        text114      005904
__ptext115                        text115      003BF2
__ptext116                        text116      005FBC
__ptext117                        text117      0049E8
__ptext118                        text118      005DD6
__ptext12                         text12       003F58
__ptext120                        text120      006B50
__ptext121                        text121      006E8C
__ptext122                        text122      000000
__ptext13                         text13       000012
__ptext14                         text14       00667A
__ptext15                         text15       000E5C
__ptext16                         text16       004456
[...]
 This function calls:
		_adf4351_default
		_memset
 This function is called by:
		_main
 This function uses a non-reentrant model


 *************** function _memset *****************
 Defined at:
		line 4 in file "/opt/microchip/xc8/v2.10/pic/sources/c99/common/memset.c"
 Parameters:    Size  Location     Type
  dest            2   13[COMRAM] PTR void 
		 -> g_adf4351(55), g_i2c_bus(8), eval_gps@elem(240), itoa@buffer(12), 
		 -> print_char@map(8), lcd_clear_screen@buf(128), 
  c               2   15[COMRAM] int 
  n               2   17[COMRAM] unsigned int 
 Auto vars:     Size  Location     Type
  s               2   23[COMRAM] PTR unsigned char 
		 -> g_adf4351(55), g_i2c_bus(8), eval_gps@elem(240), itoa@buffer(12), 
		 -> print_char@map(8), lcd_clear_screen@buf(128), 
  k               2   21[COMRAM] unsigned int 
 Return value:  Size  Location     Type
                  2   13[COMRAM] PTR void 
 Registers used:
		wreg, fsr2l, fsr2h, status,2, status,0
 Tracked objects:
		On entry : 
		On exit  : 
		Unchanged: 
 Data sizes:     COMRAM   BANK0   BANK1   BANK2   BANK3   BANK4   BANK5
      Params:         6       0       0       0       0       0       0
      Locals:         4       0       0       0       0       0       0
      Temps:          2       0       0       0       0       0       0
      Totals:        12       0       0       0       0       0       0
Total ram usage:       12 bytes
 Hardware stack levels used:    1
 Hardware stack levels required when called:    2
 This function calls:
		Nothing
 This function is called by:
		_adf4351_init
		_i2c_native_init
		_lcd_clear_screen
		_print_char
		_itoa
		_eval_gps
 This function uses a non-reentrant model


 *************** function _adf4351_default *****************
 Defined at:
		line 230 in file "src/driver/adf4351.c"
 Parameters:    Size  Location     Type
  ctx             2   13[COMRAM] PTR struct adf4351_ctx
		 -> g_adf4351(55), 
 Auto vars:     Size  Location     Type
		None
 Return value:  Size  Location     Type
                  1    wreg      void 
 Registers used:
		wreg, fsr2l, fsr2h, status,2, status,0
 Tracked objects:
		On entry : 
		On exit  : 
		Unchanged: 
 Data sizes:     COMRAM   BANK0   BANK1   BANK2   BANK3   BANK4   BANK5
      Params:         2       0       0       0       0       0       0
      Locals:         0       0       0       0       0       0       0
      Temps:          0       0       0       0       0       0       0
      Totals:         2       0       0       0       0       0       0
Total ram usage:        2 bytes
 Hardware stack levels used:    1
 Hardware stack levels required when called:    2
 This function calls:
		Nothing
 This function is called by:
		_adf4351_init
 This function uses a non-reentrant model


 *************** function _global_irq_handler *****************
 Defined at:
		line 31 in file "src/driver/irq.c"
 Parameters:    Size  Location     Type
		None
 Auto vars:     Size  Location     Type
  dummy           1   12[COMRAM] volatile unsigned char 
  dummy           1   11[COMRAM] volatile unsigned char 
 Return value:  Size  Location     Type
                  1    wreg      void 
 Registers used:
		wreg, fsr2l, fsr2h, status,2, status,0, pclath, tosl, cstack
 Tracked objects:
		On entry : 
		On exit  : 
		Unchanged: 
 Data sizes:     COMRAM   BANK0   BANK1   BANK2   BANK3   BANK4   BANK5
      Params:         0       0       0       0       0       0       0
      Locals:         2       0       0       0       0       0       0
      Temps:          4       0       0       0       0       0       0
      Totals:         6       0       0       0       0       0       0
Total ram usage:        6 bytes
 Hardware stack levels used:    1
 Hardware stack levels required when called:    1
 This function calls:
		_t0_irq
		_usart_rx_irq_handler
 This function is called by:
		Interrupt level 2
 This function uses a non-reentrant model


 *************** function _usart_rx_irq_handler *****************
 Defined at:
		line 90 in file "src/driver/usart.c"
 Parameters:    Size  Location     Type
  udata           2    0[COMRAM] PTR void 
		 -> NULL(0), 
 Auto vars:     Size  Location     Type
  wposn           2    5[COMRAM] volatile int 
  c               1    4[COMRAM] volatile unsigned char 
 Return value:  Size  Location     Type
                  1    wreg      void 
 Registers used:
		wreg, fsr2l, fsr2h, status,2, status,0
 Tracked objects:
		On entry : 
		On exit  : 
		Unchanged: 
 Data sizes:     COMRAM   BANK0   BANK1   BANK2   BANK3   BANK4   BANK5
      Params:         2       0       0       0       0       0       0
      Locals:         3       0       0       0       0       0       0
      Temps:          2       0       0       0       0       0       0
      Totals:         7       0       0       0       0       0       0
Total ram usage:        7 bytes
 Hardware stack levels used:    1
 This function calls:
		Nothing
 This function is called by:
		_usart_init
		_global_irq_handler
 This function uses a non-reentrant model


 *************** function _t0_irq *****************
 Defined at:
		line 38 in file "src/driver/timer.c"
 Parameters:    Size  Location     Type
		None
 Auto vars:     Size  Location     Type
		None
 Return value:  Size  Location     Type
                  1    wreg      void 
 Registers used:
		wreg, status,2, status,0
 Tracked objects:
		On entry : 
		On exit  : 
		Unchanged: 
 Data sizes:     COMRAM   BANK0   BANK1   BANK2   BANK3   BANK4   BANK5
      Params:         0       0       0       0       0       0       0
      Locals:         0       0       0       0       0       0       0
      Temps:          0       0       0       0       0       0       0
      Totals:         0       0       0       0       0       0       0
Total ram usage:        0 bytes
 Hardware stack levels used:    1
 This function calls:
		Nothing
 This function is called by:
		_init_timer
		_global_irq_handler
 This function uses a non-reentrant model



MODULE INFORMATION

Module		Function		Class		Link	Load	Size
src/secretsettings.c
		_secret_settings		CODE           	6A5A	0000	83
		_secret_settings_write		CODE           	2F92	0000	585

src/secretsettings.c estimated size: 668

src/driver/lnb.c
		_lnb_configure 		CODE           	62BA	0000	149
		_check_LNB_status		CODE           	5174	0000	241
		_lnb_do_configure		CODE           	4F7A	0000	255

src/driver/lnb.c estimated size: 645

/opt/microchip/xc8/v2.10/pic/sources/c99/common/awmod.c
		___awmod       		CODE           	67DC	0000	113

/opt/microchip/xc8/v2.10/pic/sources/c99/common/awmod.c estimated size: 113

/opt/microchip/xc8/v2.10/pic/sources/c99/common/__strtoxl.c
		___strtoxl     		CODE           	215C	0000	779

/opt/microchip/xc8/v2.10/pic/sources/c99/common/__strtoxl.c estimated size: 779

/opt/microchip/xc8/v2.10/pic/sources/c99/common/aomod.c
		___aomod       		CODE           	4B1A	0000	293

/opt/microchip/xc8/v2.10/pic/sources/c99/common/aomod.c estimated size: 293

/opt/microchip/xc8/v2.10/pic/sources/c99/common/Umul32.c
		___lmul        		CODE           	68B4	0000	87

/opt/microchip/xc8/v2.10/pic/sources/c99/common/Umul32.c estimated size: 87

src/driver/base/i2c.c
		_smbus8_read_byte		CODE           	6AFE	0000	83
		_smbus8_write_data		CODE           	6C42	0000	79
		_smbus8_write_byte		CODE           	6ED0	0000	67
		_i2c_transfer  		CODE           	6BF2	0000	81
		_i2c_probe_addr		CODE           	708C	0000	61

src/driver/base/i2c.c estimated size: 371

/opt/microchip/xc8/v2.10/pic/sources/c99/common/printf.c
		_printf        		CODE           	7460	0000	31

/opt/microchip/xc8/v2.10/pic/sources/c99/common/printf.c estimated size: 31

/opt/microchip/xc8/v2.10/pic/sources/c99/common/lodiv.c
		___lodiv       		CODE           	569E	0000	207

/opt/microchip/xc8/v2.10/pic/sources/c99/common/lodiv.c estimated size: 207

src/driver/irq.c
		_global_irq_handler		CODE           	0008	0000	161
		_irq_set_handler		CODE           	7102	0000	59

src/driver/irq.c estimated size: 220

src/driver/timer.c
		_init_timer    		CODE           	738A	0000	41
		_t0_irq        		CODE           	6E8C	0000	69

src/driver/timer.c estimated size: 110

/opt/microchip/xc8/v2.10/pic/sources/c99/common/strlen.c
		_strlen        		CODE           	6F12	0000	67

/opt/microchip/xc8/v2.10/pic/sources/c99/common/strlen.c estimated size: 67

/opt/microchip/xc8/v2.10/pic/sources/c99/common/nf_fputs.c
		_fputs         		CODE           	713C	0000	57

/opt/microchip/xc8/v2.10/pic/sources/c99/common/nf_fputs.c estimated size: 57

/opt/microchip/xc8/v2.10/pic/sources/c99/common/strchr.c
		_strchr        		CODE           	7174	0000	55

/opt/microchip/xc8/v2.10/pic/sources/c99/common/strchr.c estimated size: 55

/opt/microchip/xc8/v2.10/pic/sources/c99/common/isupper.c
		_isupper       		CODE           	72A2	0000	49

/opt/microchip/xc8/v2.10/pic/sources/c99/common/isupper.c estimated size: 49

src/driver/si5328.c
		_si5328_set_freq		CODE           	66F2	0000	119
		_check_si5328_status		CODE           	4E68	0000	275
		_read_reg      		CODE           	747E	0000	29
		_si5328_perform_ical		CODE           	6FD4	0000	63
		_si5328_init   		CODE           	55CC	0000	211
		_write_regset  		CODE           	59BE	0000	185
		_set_reg       		CODE           	3F58	0000	429
		_set_reg24     		CODE           	54F6	0000	215
		_set_reg25     		CODE           	5420	0000	215
		_set_reg26     		CODE           	534A	0000	215
		_set_reg27     		CODE           	6F54	0000	65
		_si5328_checkGPS		CODE           	618E	0000	151
		_calc_mixer_corr_value		CODE           	19A4	0000	1119

src/driver/si5328.c estimated size: 3291

/opt/microchip/xc8/v2.10/pic/sources/c99/common/lwdiv.c
		___lwdiv       		CODE           	6A08	0000	83

/opt/microchip/xc8/v2.10/pic/sources/c99/common/lwdiv.c estimated size: 83

/opt/microchip/xc8/v2.10/pic/sources/c99/common/memset.c
		_memset        		CODE           	49E8	0000	307

/opt/microchip/xc8/v2.10/pic/sources/c99/common/memset.c estimated size: 307

src/gpio.c
		_check_RXTX    		CODE           	45FC	0000	361
		_init_gpios    		CODE           	088E	0000	1487

src/gpio.c estimated size: 1848

/opt/microchip/xc8/v2.10/pic/sources/c99/common/awdiv.c
		___awdiv       		CODE           	64FA	0000	133

/opt/microchip/xc8/v2.10/pic/sources/c99/common/awdiv.c estimated size: 133

/opt/microchip/xc8/v2.10/pic/sources/c99/common/abs.c
		_abs           		CODE           	7210	0000	51

/opt/microchip/xc8/v2.10/pic/sources/c99/common/abs.c estimated size: 51

/opt/microchip/xc8/v2.10/pic/sources/c99/common/strtol.c
		_strtol        		CODE           	71DE	0000	51

/opt/microchip/xc8/v2.10/pic/sources/c99/common/strtol.c estimated size: 51

src/driver/usart.c
		_usart_getc    		CODE           	6BA2	0000	81
		_putgps        		CODE           	74FA	0000	11
		_usart_putc    		CODE           	74EC	0000	15
		_usart_rx_irq_handler		CODE           	6B50	0000	83
		_rx_usart      		CODE           	73D8	0000	37
		_fputc         		CODE           	74B6	0000	25
		_usart_init    		CODE           	684C	0000	105

src/driver/usart.c estimated size: 357

src/main.c
		_read_switch   		CODE           	4C3E	0000	281
		_setADF4351frequency		CODE           	4456	0000	423
		_main          		CODE           	4104	0000	427
		_setQRG        		CODE           	5BDA	0000	171

src/main.c estimated size: 1302

/opt/microchip/xc8/v2.10/pic/sources/c99/common/aodiv.c
		___aodiv       		CODE           	4764	0000	329

/opt/microchip/xc8/v2.10/pic/sources/c99/common/aodiv.c estimated size: 329

src/driver/lcd.c
		_ssd1306_setpos		CODE           	7050	0000	61
		_ssd1306_command		CODE           	7302	0000	47
		_lcd_settingsOK		CODE           	5D2E	0000	169
		_print_char    		CODE           	4D56	0000	275
		_print_string  		CODE           	63E0	0000	145
		_show_display  		CODE           	0012	0000	2173
		_lcd_clear_screen		CODE           	6AAC	0000	83
		_ssd1306_data  		CODE           	7242	0000	49
		_itoa          		CODE           	6600	0000	123
		_ssd1306_commandbyte		CODE           	73FC	0000	37
		_lcd_init      		CODE           	5B2A	0000	177
		_lcd_draw8x8   		CODE           	7442	0000	31

src/driver/lcd.c estimated size: 3370

/opt/microchip/xc8/v2.10/pic/sources/c99/common/islower.c
		_islower       		CODE           	7272	0000	49

/opt/microchip/xc8/v2.10/pic/sources/c99/common/islower.c estimated size: 49

src/driver/i2c_native.c
		_i2c_start     		CODE           	60F6	0000	153
		_i2c_reset     		CODE           	5A76	0000	181
		_i2c_native_init		CODE           	690A	0000	87
		_i2c_write     		CODE           	69B4	0000	85
		_i2c_stop      		CODE           	7330	0000	47
		_i2c_transfer_native		CODE           	3854	0000	485
		_i2c_read      		CODE           	634E	0000	147
		_i2c_wait_int  		CODE           	6DBC	0000	73

src/driver/i2c_native.c estimated size: 1258

/opt/microchip/xc8/v2.10/pic/sources/c99/common/atoi.c
		_atoi          		CODE           	42AE	0000	425

/opt/microchip/xc8/v2.10/pic/sources/c99/common/atoi.c estimated size: 425

shared
		_PIN_LED_SI_LOCK		MEDIUMCONST    	0000	0000	0
		_PIN_SI5328_LOL		MEDIUMCONST    	0000	0000	0
		_PIN_LNB_QRG1_DEF		MEDIUMCONST    	7B50	0000	6
		_PIN_LNB_QRG2_DEF		MEDIUMCONST    	7B55	0000	6
		_PIN_SI5328_CS_CA_DEF		MEDIUMCONST    	7BAA	0000	6
		_PIN_SIO_CLK_DEF		MEDIUMCONST    	7BB4	0000	6
		_PIN_SJ5       		MEDIUMCONST    	0000	0000	0
		_PIN_SJ5_DEF   		MEDIUMCONST    	7B5F	0000	6
		_PIN_I2C_SDA_DEF		MEDIUMCONST    	7B78	0000	6
		_PIN_I2C_SCL_DEF		MEDIUMCONST    	7B7D	0000	6
		_freq_table_25_24		MEDIUMCONST    	7AF1	0000	41
		_freq_table_25_25		MEDIUMCONST    	7AC9	0000	41
		_freq_table_27_26		MEDIUMCONST    	7AA1	0000	41
		_PIN_LNB_QRG1  		MEDIUMCONST    	0000	0000	0
		_PIN_LNB_QRG2  		MEDIUMCONST    	0000	0000	0
		_PIN_LED_LNB_GOOD		MEDIUMCONST    	0000	0000	0
		_PIN_LED_ADF_LOCK		MEDIUMCONST    	0000	0000	0
		_freq_table_27_OPT		MEDIUMCONST    	7A79	0000	41
		_PIN_LNB_FAULT 		MEDIUMCONST    	0000	0000	0
		_out_freq_table		MEDIUMCONST    	7A31	0000	21
		__initialization		CODE           	5264	0000	217
		_PIN_ADF_LOCK_DEF		MEDIUMCONST    	7BC8	0000	6
		_PIN_SIO_DATA_DEF		MEDIUMCONST    	7BB9	0000	6
		_PIN_SJ4       		MEDIUMCONST    	0000	0000	0
		_PIN_SJ4_DEF   		MEDIUMCONST    	7B64	0000	6
		_reg_set_univ_CKIN1_GPS		MEDIUMCONST    	7B19	0000	27
		_PIN_LED0      		MEDIUMCONST    	7A49	0000	3
		_PIN_LED1      		MEDIUMCONST    	7A47	0000	3
		_PIN_LED2      		MEDIUMCONST    	7A45	0000	3
		_PIN_LED3      		MEDIUMCONST    	7A4B	0000	3
		_PIN_SI5328_CS_CA		MEDIUMCONST    	0000	0000	0
		_reg_set_univ_CKIN2_XAXB		MEDIUMCONST    	7B33	0000	25
		_PIN_LED0_DEF  		MEDIUMCONST    	0000	0000	0
		_PIN_LED1_DEF  		MEDIUMCONST    	0000	0000	0
		_PIN_LED2_DEF  		MEDIUMCONST    	0000	0000	0
		_PIN_LED3_DEF  		MEDIUMCONST    	0000	0000	0
		_PIN_USART_RX_DEF		MEDIUMCONST    	7B6E	0000	6
		_PIN_USART_TX_DEF		MEDIUMCONST    	7B73	0000	6
		_PIN_LED_CPU_OK_DEF		MEDIUMCONST    	7B9B	0000	6
		_PIN_LED_SI_LOCK_DEF		MEDIUMCONST    	7BA5	0000	6
		_PIN_ADF_CE    		MEDIUMCONST    	0000	0000	0
		_PIN_ADF_LE    		MEDIUMCONST    	0000	0000	0
		_PIN_SIO_CLK   		MEDIUMCONST    	0000	0000	0
		_PIN_ADF_LOCK  		MEDIUMCONST    	0000	0000	0
		_PIN_SIO_DATA  		MEDIUMCONST    	0000	0000	0
		_PIN_LED_CPU_OK		MEDIUMCONST    	0000	0000	0
		_font8x8_basic 		MEDIUMCONST    	7729	0000	777
		_PIN_SJ3       		MEDIUMCONST    	0000	0000	0
		_PIN_SJ3_DEF   		MEDIUMCONST    	7B69	0000	6
		_PIN_LED_LNB_GOOD_DEF		MEDIUMCONST    	7B87	0000	6
		_PIN_LNB_FAULT_DEF		MEDIUMCONST    	7B4B	0000	6
		_PIN_LED_ADF_LOCK_DEF		MEDIUMCONST    	7B91	0000	6
		_PIN_I2C_SDA   		MEDIUMCONST    	0000	0000	0
		_PIN_I2C_SCL   		MEDIUMCONST    	0000	0000	0
		_PIN_SJ6       		MEDIUMCONST    	0000	0000	0
		_PIN_SJ6_DEF   		MEDIUMCONST    	7B5A	0000	6
		_PIN_ADF_CE_DEF		MEDIUMCONST    	7BC3	0000	6
		_PIN_ADF_LE_DEF		MEDIUMCONST    	7BBE	0000	6
		_PIN_SI5328_LOL_DEF		MEDIUMCONST    	7BAF	0000	6
		_PIN_USART_RX  		MEDIUMCONST    	0000	0000	0
		_PIN_USART_TX  		MEDIUMCONST    	0000	0000	0

shared estimated size: 1375

/opt/microchip/xc8/v2.10/pic/sources/c99/common/toupper.c
		_toupper       		CODE           	6CDE	0000	75

/opt/microchip/xc8/v2.10/pic/sources/c99/common/toupper.c estimated size: 75

src/gps.c
		_CalculateGridSquare		CODE           	0E5C	0000	1445
		_send_UBX_string		CODE           	3A38	0000	443
		_getGPSfrequency		CODE           	6960	0000	85
		_rx_gps        		CODE           	3648	0000	525
		_clear_GPS_shift		CODE           	6E04	0000	69
		_init_gps      		CODE           	735E	0000	45
		_eval_gps      		CODE           	2764	0000	721

src/gps.c estimated size: 3333

src/driver/adf4351.c
		_adf4351_write_reg0		CODE           	5904	0000	187
		_adf4351_write_reg1		CODE           	5078	0000	253
		_adf4351_write_reg2		CODE           	1E02	0000	859
		_adf4351_write_reg3		CODE           	3DA8	0000	433
		_adf4351_write_reg4		CODE           	2CF6	0000	669
		_adf4351_write_reg5		CODE           	6768	0000	117
		_adf4351_default		CODE           	5DD6	0000	167
		_check_ADF5341_status		CODE           	5838	0000	205
		_adf4351_calc_counters		CODE           	2466	0000	767
		_adf4351_write_latch		CODE           	3BF2	0000	439
		_adf4351_init  		CODE           	5FBC	0000	161
		_adf4351_set_mode		CODE           	5F1C	0000	161
		_adf4351_get_lock		CODE           	6F94	0000	65
		_adf4351_set_tune		CODE           	6D28	0000	75
		_adf4351_setup 		CODE           	6D72	0000	75
		_adf4351_set_freq		CODE           	2A34	0000	707

src/driver/adf4351.c estimated size: 5340

/opt/microchip/xc8/v2.10/pic/sources/c99/common/isalpha.c
		_isalpha       		CODE           	71AA	0000	53

/opt/microchip/xc8/v2.10/pic/sources/c99/common/isalpha.c estimated size: 53

/opt/microchip/xc8/v2.10/pic/sources/c99/common/isspace.c
		_isspace       		CODE           	7012	0000	63

/opt/microchip/xc8/v2.10/pic/sources/c99/common/isspace.c estimated size: 63

/opt/microchip/xc8/v2.10/pic/sources/c99/common/aldiv.c
		___aldiv       		CODE           	576C	0000	205

/opt/microchip/xc8/v2.10/pic/sources/c99/common/aldiv.c estimated size: 205

src/eeprom.c
		_Eeprom_ReadByte		CODE           	7420	0000	35
		_eeprom_getmode		CODE           	7504	0000	9
		_eeprom_setmode		CODE           	74DE	0000	15
		_Eeprom_WriteByte		CODE           	70C8	0000	59

src/eeprom.c estimated size: 118

/opt/microchip/xc8/v2.10/pic/sources/c99/common/doprnt.c
		_vfpfcnvrt     		CODE           	1400	0000	1445
		_pad           		CODE           	6224	0000	151
		_dtoa          		CODE           	31DA	0000	579
		_vfprintf      		CODE           	6C90	0000	79
		_stoa          		CODE           	48AC	0000	317
		_xtoa          		CODE           	341C	0000	557

/opt/microchip/xc8/v2.10/pic/sources/c99/common/doprnt.c estimated size: 3128

/opt/microchip/xc8/v2.10/pic/sources/c99/common/memcmp.c
		_memcmp        		CODE           	667A	0000	121

/opt/microchip/xc8/v2.10/pic/sources/c99/common/memcmp.c estimated size: 121

/opt/microchip/xc8/v2.10/pic/sources/c99/common/strncmp.c
		_strncmp       		CODE           	5C84	0000	171

/opt/microchip/xc8/v2.10/pic/sources/c99/common/strncmp.c estimated size: 171

/opt/microchip/xc8/v2.10/pic/sources/c99/common/memcpy.c
		_memcpy        		CODE           	6E48	0000	69

/opt/microchip/xc8/v2.10/pic/sources/c99/common/memcpy.c estimated size: 69

/opt/microchip/xc8/v2.10/pic/sources/c99/common/__lldiv.c
		___lldiv       		CODE           	657E	0000	131

/opt/microchip/xc8/v2.10/pic/sources/c99/common/__lldiv.c estimated size: 131

/opt/microchip/xc8/v2.10/pic/sources/c99/common/Umul64.c
		___omul        		CODE           	6470	0000	139

/opt/microchip/xc8/v2.10/pic/sources/c99/common/Umul64.c estimated size: 139

/opt/microchip/xc8/v2.10/pic/sources/c99/common/Umul16.c
		___wmul        		CODE           	73B2	0000	39

/opt/microchip/xc8/v2.10/pic/sources/c99/common/Umul16.c estimated size: 39

/opt/microchip/xc8/v2.10/pic/sources/c99/common/isdigit.c
		_isdigit       		CODE           	72D2	0000	49

/opt/microchip/xc8/v2.10/pic/sources/c99/common/isdigit.c estimated size: 49

